Coverage analysis for changed files...

Loaded 7 SonarCloud exclusion patterns
Analyzing 15 specified files
14 with tests, 1 without tests

Running 14 test file(s)...
All tests passed.


--- Coverage Analysis ---
Overall: 95% (1788/1888 lines) | 14/14 files >= 80%
New code: 98% (44/45 changed lines)

Per-file:
  [OK] ui/components/app/perps/close-position/close-all-positions-modal.tsx: 98% (50/51) | New: no changes
  [OK] ui/components/app/perps/close-position/close-position-modal.tsx: 94% (184/196) | New: no changes
  [OK] ui/components/app/perps/order-entry/order-entry.tsx: 98% (47/48) | New: 100% (5/5)
  [OK] ui/components/app/perps/order-entry/components/auto-close-section/auto-close-section.tsx: 96% (75/78) | New: 100% (4/4)
  [OK] ui/components/app/perps/reverse-position/reverse-position-modal.tsx: 94% (63/67) | New: 100% (5/5)
  [OK] ui/components/app/perps/transaction-card/transaction-card.tsx: 100% (45/45) | New: 100% (1/1)
  [OK] ui/components/app/perps/update-tpsl/update-tpsl-modal-content.tsx: 94% (221/234) | New: 100% (1/1)
  [OK] ui/components/app/perps/utils/transactionTransforms.ts: 87% (193/222) | New: 100% (11/11)
  [OK] ui/components/app/perps/utils/translate-perps-error.ts: 100% (20/20) | New: no changes
  [OK] ui/hooks/perps/perps-fee-utils.ts: 100% (6/6) | New: no changes
  [OK] ui/hooks/perps/usePerpsOrderFees.ts: 100% (25/25) | New: 100% (7/7)
  [OK] ui/hooks/perps/usePerpsOrderForm.ts: 99% (91/92) | New: 100% (3/3)
  [OK] ui/pages/perps/perps-order-entry-page.tsx: 95% (708/744) | New: 88% (7/8) | UNCOVERED LINES: 1102
  [OK] ui/pages/perps/perps-transaction-details-page.tsx: 100% (60/60) | New: no changes

Files with NO tests (1):
  [MISSING] ui/components/app/perps/types/transactionHistory.ts

WARNINGS: 1 file(s) have no tests
VERDICT: PASS — new code meets 80% coverage threshold

Report saved: /Volumes/FD/dev/metamask/metamask-extension-3/temp/recipe/runtime/reports/coverage-report-TAT-4063-feat-extension-update-controller-to.json
