
Recipe: PR 42316 Perps unified account funding review

Connecting to existing browser via CDP on port 6661...
[cdp] Found extension ID from existing service worker: hebhblbkkdabgoldnojllkipeoacjioc

Pre-conditions:
  [[32mOK[0m] wallet.unlocked (19ms)
  [[32mOK[0m] perps.feature_enabled (2ms)

Nodes:
  [[32mPASS[0m] nav-perps (28ms)
  [[32mPASS[0m] check-tutorial (6ms)
  [[32mPASS[0m] wait-perps (2ms)
  [[32mPASS[0m] screenshot-perps (134ms)
  [[32mPASS[0m] setup-open-perps (215ms)
  [[32mPASS[0m] ac1-assert-markets-present (129ms)
  [[32mPASS[0m] ac4-assert-postquote-flag-disabled (0ms)
  [[32mPASS[0m] ac4-open-balance-menu (33ms)
  [[32mPASS[0m] ac4-click-withdraw (59ms)
  [[32mPASS[0m] ac4-assert-standalone-route (0ms)
  [[32mPASS[0m] ac3-assert-withdraw-page-visible (1ms)
  [[32mPASS[0m] ac3-screenshot-withdraw-page (70ms)
  [[32mPASS[0m] ac5-assert-alert-hook-state-readable (1ms)
  [[32mPASS[0m] ac4-screenshot-standalone-route (64ms)
  [[32mPASS[0m] nav-perps (27ms)
  [[32mPASS[0m] check-tutorial (7ms)
  [[32mPASS[0m] wait-perps (1ms)
  [[32mPASS[0m] screenshot-perps (84ms)
  [[32mPASS[0m] teardown-return-perps (202ms)

[32m11/11 passed[0m in 793ms
