
Recipe: PR 42316 Perps unified account funding review

Connecting to existing browser via CDP on port 6661...
[cdp] Found extension ID from existing service worker: hebhblbkkdabgoldnojllkipeoacjioc

Pre-conditions:
  [[32mOK[0m] wallet.unlocked (22ms)
  [[32mOK[0m] perps.feature_enabled (1ms)

Nodes:
  [[32mPASS[0m] nav-perps (27ms)
  [[32mPASS[0m] check-tutorial (0ms)
  [[32mPASS[0m] wait-perps (2ms)
  [[32mPASS[0m] screenshot-perps (101ms)
  [[32mPASS[0m] setup-open-perps (143ms)
  [[32mPASS[0m] ac1-assert-markets-present (116ms)
  [[32mPASS[0m] ac4-assert-postquote-flag-disabled (1ms)
  [[32mPASS[0m] ac4-open-balance-menu (32ms)
  [[32mPASS[0m] ac4-click-withdraw (61ms)
  [[32mPASS[0m] ac4-assert-standalone-route (0ms)
  [[32mPASS[0m] ac3-assert-withdraw-page-visible (1ms)
  [[32mPASS[0m] ac3-screenshot-withdraw-page (69ms)
  [[32mPASS[0m] ac5-assert-alert-hook-state-readable (0ms)
  [[32mPASS[0m] ac4-screenshot-standalone-route (63ms)
  [[32mPASS[0m] nav-perps (25ms)
  [[32mPASS[0m] check-tutorial (1ms)
  [[32mPASS[0m] wait-perps (1ms)
  [[32mPASS[0m] screenshot-perps (81ms)
  [[32mPASS[0m] teardown-return-perps (152ms)

[32m11/11 passed[0m in 656ms
