$ /Users/deeeed/dev/metamask/metamask-extension-2/node_modules/.bin/jest --no-coverage app/scripts/controllers/perps/infrastructure.test.ts app/scripts/controllers/perps/perps-stream-bridge.test.ts app/scripts/lib/sentry-traces-sampler.test.ts app/scripts/metamask-controller.test.js ui/components/app/perps/hooks/usePerpsTabExploreData.test.ts ui/components/app/perps/perps-view.test.tsx ui/helpers/perps/entry-trace.test.ts ui/hooks/discover-search/useDiscoverPerpsSearch.test.tsx ui/hooks/perps/stream/usePerpsLiveMarketListData.test.ts ui/hooks/perps/stream/usePerpsLivePrices.test.ts ui/hooks/perps/stream/usePerpsStreamManager.test.tsx ui/hooks/perps/usePerpsEntryTrace.test.ts ui/hooks/perps/usePerpsPreload.test.ts ui/pages/perps/market-list/index.test.tsx ui/providers/perps/CandleStreamChannel.test.ts ui/providers/perps/PerpsStreamManager.test.ts
exit: 0
duration_ms: 39179

--- stdout ---

✅ No console baseline violations.

--- stderr ---
PASS app/scripts/lib/sentry-traces-sampler.test.ts (8.011 s)
PASS ui/helpers/perps/entry-trace.test.ts (7.956 s)
PASS ui/providers/perps/CandleStreamChannel.test.ts (9.067 s)
PASS ui/hooks/perps/stream/usePerpsLiveMarketListData.test.ts (9.747 s)
PASS ui/hooks/perps/stream/usePerpsLivePrices.test.ts (9.681 s)
PASS ui/hooks/perps/usePerpsEntryTrace.test.ts (9.987 s)
PASS ui/providers/perps/PerpsStreamManager.test.ts (9.813 s)
PASS app/scripts/controllers/perps/perps-stream-bridge.test.ts (10.75 s)
  ● Console

    console.debug
      [PerpsStreamBridge] startMarketDataPreload failed Error: preload blew up
          at Object.<anonymous> (/Users/deeeed/dev/metamask/metamask-extension-2/app/scripts/controllers/perps/perps-stream-bridge.test.ts:664:15)
          at /Users/deeeed/dev/metamask/metamask-extension-2/node_modules/jest-mock/build/index.js:397:39
          at Object.<anonymous> (/Users/deeeed/dev/metamask/metamask-extension-2/node_modules/jest-mock/build/index.js:404:13)
          at Object.mockConstructor [as startMarketDataPreload] (/Users/deeeed/dev/metamask/metamask-extension-2/node_modules/jest-mock/build/index.js:148:19)
          at startMarketDataPreload (/Users/deeeed/dev/metamask/metamask-extension-2/app/scripts/controllers/perps/perps-stream-bridge.ts:326:39)
          at Object.perpsInit (/Users/deeeed/dev/metamask/metamask-extension-2/app/scripts/controllers/perps/perps-stream-bridge.ts:319:9)
          at Object.<anonymous> (/Users/deeeed/dev/metamask/metamask-extension-2/app/scripts/controllers/perps/perps-stream-bridge.test.ts:671:7)

      at debug (app/scripts/controllers/perps/perps-stream-bridge.ts:330:21)

    console.debug
      [PerpsStreamBridge] cleanup error Error: static teardown failure
          at /Users/deeeed/dev/metamask/metamask-extension-2/app/scripts/controllers/perps/perps-stream-bridge.test.ts:1881:15
          at PerpsStreamBridge.unsub (/Users/deeeed/dev/metamask/metamask-extension-2/app/scripts/controllers/perps/perps-stream-bridge.ts:1495:7)
          at PerpsStreamBridge.destroy (/Users/deeeed/dev/metamask/metamask-extension-2/app/scripts/controllers/perps/perps-stream-bridge.ts:591:30)
          at destroy (/Users/deeeed/dev/metamask/metamask-extension-2/app/scripts/controllers/perps/perps-stream-bridge.test.ts:1900:27)
          at Object.<anonymous> (/Users/deeeed/dev/metamask/metamask-extension-2/node_modules/expect/build/toThrowMatchers.js:74:11)
          at Object.throwingMatcher [as toThrow] (/Users/deeeed/dev/metamask/metamask-extension-2/node_modules/expect/build/index.js:320:21)
          at Object.toThrow (/Users/deeeed/dev/metamask/metamask-extension-2/app/scripts/controllers/perps/perps-stream-bridge.test.ts:1900:42)

      at PerpsStreamBridge.debug (app/scripts/controllers/perps/perps-stream-bridge.ts:1497:15)

    console.debug
      [PerpsStreamBridge] cleanup error Error: dynamic teardown failure
          at /Users/deeeed/dev/metamask/metamask-extension-2/app/scripts/controllers/perps/perps-stream-bridge.test.ts:1884:15
          at unsubscribe (/Users/deeeed/dev/metamask/metamask-extension-2/app/scripts/controllers/perps/perps-stream-bridge.ts:1388:9)
          at PerpsStreamBridge.unsub (/Users/deeeed/dev/metamask/metamask-extension-2/app/scripts/controllers/perps/perps-stream-bridge.ts:1495:7)
          at PerpsStreamBridge.#tearDownAllDynamic (/Users/deeeed/dev/metamask/metamask-extension-2/app/scripts/controllers/perps/perps-stream-bridge.ts:1512:30)
          at PerpsStreamBridge.destroy (/Users/deeeed/dev/metamask/metamask-extension-2/app/scripts/controllers/perps/perps-stream-bridge.ts:595:29)
          at destroy (/Users/deeeed/dev/metamask/metamask-extension-2/app/scripts/controllers/perps/perps-stream-bridge.test.ts:1900:27)
          at Object.<anonymous> (/Users/deeeed/dev/metamask/metamask-extension-2/node_modules/expect/build/toThrowMatchers.js:74:11)
          at Object.throwingMatcher [as toThrow] (/Users/deeeed/dev/metamask/metamask-extension-2/node_modules/expect/build/index.js:320:21)
          at Object.toThrow (/Users/deeeed/dev/metamask/metamask-extension-2/app/scripts/controllers/perps/perps-stream-bridge.test.ts:1900:42)

      at PerpsStreamBridge.debug (app/scripts/controllers/perps/perps-stream-bridge.ts:1497:15)

    console.debug
      [PerpsStreamBridge] health-check reconnect failed Error: reconnect failed
          at Object.<anonymous> (/Users/deeeed/dev/metamask/metamask-extension-2/app/scripts/controllers/perps/perps-stream-bridge.test.ts:2006:46)
          at Promise.then.completed (/Users/deeeed/dev/metamask/metamask-extension-2/node_modules/jest-circus/build/utils.js:298:28)
          at new Promise (<anonymous>)
          at callAsyncCircusFn (/Users/deeeed/dev/metamask/metamask-extension-2/node_modules/jest-circus/build/utils.js:231:10)
          at _callCircusTest (/Users/deeeed/dev/metamask/metamask-extension-2/node_modules/jest-circus/build/run.js:316:40)
          at _runTest (/Users/deeeed/dev/metamask/metamask-extension-2/node_modules/jest-circus/build/run.js:252:3)
          at _runTestsForDescribeBlock (/Users/deeeed/dev/metamask/metamask-extension-2/node_modules/jest-circus/build/run.js:126:9)
          at _runTestsForDescribeBlock (/Users/deeeed/dev/metamask/metamask-extension-2/node_modules/jest-circus/build/run.js:121:9)
          at _runTestsForDescribeBlock (/Users/deeeed/dev/metamask/metamask-extension-2/node_modules/jest-circus/build/run.js:121:9)
          at run (/Users/deeeed/dev/metamask/metamask-extension-2/node_modules/jest-circus/build/run.js:71:3)
          at runAndTransformResultsToJestFormat (/Users/deeeed/dev/metamask/metamask-extension-2/node_modules/jest-circus/build/legacy-code-todo-rewrite/jestAdapterInit.js:122:21)
          at jestAdapter (/Users/deeeed/dev/metamask/metamask-extension-2/node_modules/jest-circus/build/legacy-code-todo-rewrite/jestAdapter.js:79:19)
          at runTestInternal (/Users/deeeed/dev/metamask/metamask-extension-2/node_modules/jest-runner/build/runTest.js:367:16)
          at runTest (/Users/deeeed/dev/metamask/metamask-extension-2/node_modules/jest-runner/build/runTest.js:444:34)
          at Object.worker (/Users/deeeed/dev/metamask/metamask-extension-2/node_modules/jest-runner/build/testWorker.js:106:12)

      at debug (app/scripts/controllers/perps/perps-stream-bridge.ts:543:21)

    console.debug
      [PerpsStreamBridge] connectivity-change reconnect failed Error: reconnect failed
          at Object.<anonymous> (/Users/deeeed/dev/metamask/metamask-extension-2/app/scripts/controllers/perps/perps-stream-bridge.test.ts:2716:46)
          at Promise.then.completed (/Users/deeeed/dev/metamask/metamask-extension-2/node_modules/jest-circus/build/utils.js:298:28)
          at new Promise (<anonymous>)
          at callAsyncCircusFn (/Users/deeeed/dev/metamask/metamask-extension-2/node_modules/jest-circus/build/utils.js:231:10)
          at _callCircusTest (/Users/deeeed/dev/metamask/metamask-extension-2/node_modules/jest-circus/build/run.js:316:40)
          at _runTest (/Users/deeeed/dev/metamask/metamask-extension-2/node_modules/jest-circus/build/run.js:252:3)
          at _runTestsForDescribeBlock (/Users/deeeed/dev/metamask/metamask-extension-2/node_modules/jest-circus/build/run.js:126:9)
          at _runTestsForDescribeBlock (/Users/deeeed/dev/metamask/metamask-extension-2/node_modules/jest-circus/build/run.js:121:9)
          at _runTestsForDescribeBlock (/Users/deeeed/dev/metamask/metamask-extension-2/node_modules/jest-circus/build/run.js:121:9)
          at run (/Users/deeeed/dev/metamask/metamask-extension-2/node_modules/jest-circus/build/run.js:71:3)
          at runAndTransformResultsToJestFormat (/Users/deeeed/dev/metamask/metamask-extension-2/node_modules/jest-circus/build/legacy-code-todo-rewrite/jestAdapterInit.js:122:21)
          at jestAdapter (/Users/deeeed/dev/metamask/metamask-extension-2/node_modules/jest-circus/build/legacy-code-todo-rewrite/jestAdapter.js:79:19)
          at runTestInternal (/Users/deeeed/dev/metamask/metamask-extension-2/node_modules/jest-runner/build/runTest.js:367:16)
          at runTest (/Users/deeeed/dev/metamask/metamask-extension-2/node_modules/jest-runner/build/runTest.js:444:34)
          at Object.worker (/Users/deeeed/dev/metamask/metamask-extension-2/node_modules/jest-runner/build/testWorker.js:106:12)

      at debug (app/scripts/controllers/perps/perps-stream-bridge.ts:1123:19)

    console.debug
      [PerpsStreamBridge] startMarketDataPreload failed Error: cache unavailable
          at Object.<anonymous> (/Users/deeeed/dev/metamask/metamask-extension-2/app/scripts/controllers/perps/perps-stream-bridge.test.ts:3850:13)
          at /Users/deeeed/dev/metamask/metamask-extension-2/node_modules/jest-mock/build/index.js:397:39
          at Object.<anonymous> (/Users/deeeed/dev/metamask/metamask-extension-2/node_modules/jest-mock/build/index.js:404:13)
          at Object.mockConstructor [as startMarketDataPreload] (/Users/deeeed/dev/metamask/metamask-extension-2/node_modules/jest-mock/build/index.js:148:19)
          at startMarketDataPreload (/Users/deeeed/dev/metamask/metamask-extension-2/app/scripts/controllers/perps/perps-stream-bridge.ts:326:39)
          at Object.perpsInit (/Users/deeeed/dev/metamask/metamask-extension-2/app/scripts/controllers/perps/perps-stream-bridge.ts:319:9)
          at Object.<anonymous> (/Users/deeeed/dev/metamask/metamask-extension-2/app/scripts/controllers/perps/perps-stream-bridge.test.ts:3853:5)

      at debug (app/scripts/controllers/perps/perps-stream-bridge.ts:330:21)

PASS app/scripts/controllers/perps/infrastructure.test.ts (19.396 s)
PASS ui/hooks/discover-search/useDiscoverPerpsSearch.test.tsx (20.382 s)
PASS ui/hooks/perps/usePerpsPreload.test.ts (20.38 s)
  ● Console

    console.debug
      [usePerpsPreload] Preload failed Error: offline
          at /Users/deeeed/dev/metamask/metamask-extension-2/ui/hooks/perps/usePerpsPreload.test.ts:477:23
          at /Users/deeeed/dev/metamask/metamask-extension-2/node_modules/@testing-library/react/dist/act-compat.js:48:24
          at act (/Users/deeeed/dev/metamask/metamask-extension-2/node_modules/react/cjs/react.development.js:2512:16)
          at /Users/deeeed/dev/metamask/metamask-extension-2/node_modules/@testing-library/react/dist/act-compat.js:47:25
          at /Users/deeeed/dev/metamask/metamask-extension-2/ui/hooks/perps/usePerpsPreload.test.ts:475:16

      at debug (ui/hooks/perps/usePerpsPreload.ts:163:18)

PASS ui/hooks/perps/stream/usePerpsStreamManager.test.tsx (21.661 s)
PASS ui/components/app/perps/hooks/usePerpsTabExploreData.test.ts (21.705 s)
PASS ui/pages/perps/market-list/index.test.tsx (24.777 s)
PASS ui/components/app/perps/perps-view.test.tsx (25.078 s)
PASS app/scripts/metamask-controller.test.js (36.935 s)
  ● Console

    console.error
      AssertionError: The Snaps platform requires basic functionality to be used. Enable basic functionality in the settings to use the Snaps platform.
          at getError (/Users/deeeed/dev/metamask/metamask-extension-2/node_modules/@metamask/utils/src/assert.ts:49:12)
          at assert (/Users/deeeed/dev/metamask/metamask-extension-2/node_modules/@metamask/utils/src/assert.ts:92:11)
          at SnapController.#ensureCanUsePlatform (/Users/deeeed/dev/metamask/metamask-extension-2/node_modules/@metamask/snaps-controllers/src/snaps/SnapController.ts:1819:11)
          at runNextTicks (node:internal/process/task_queues:64:5)
          at processImmediate (node:internal/timers:472:9) {
        code: 'ERR_ASSERTION'
      }

      at logError (node_modules/@metamask/snaps-utils/src/logging.ts:42:11)

    console.warn
      Error during SnapController initialization. AssertionError: The Snaps platform requires basic functionality to be used. Enable basic functionality in the settings to use the Snaps platform.
          at getError (/Users/deeeed/dev/metamask/metamask-extension-2/node_modules/@metamask/utils/src/assert.ts:49:12)
          at assert (/Users/deeeed/dev/metamask/metamask-extension-2/node_modules/@metamask/utils/src/assert.ts:92:11)
          at SnapController.#ensureCanUsePlatform (/Users/deeeed/dev/metamask/metamask-extension-2/node_modules/@metamask/snaps-controllers/src/snaps/SnapController.ts:1819:11)
          at SnapController.init (/Users/deeeed/dev/metamask/metamask-extension-2/node_modules/@metamask/snaps-controllers/src/snaps/SnapController.ts:1363:9) {
        code: 'ERR_ASSERTION'
      }

      at logWarning (node_modules/@metamask/snaps-utils/src/logging.ts:66:11)
      at SnapController.init (node_modules/@metamask/snaps-controllers/src/snaps/SnapController.ts:1371:17)

    console.warn
      Error during SnapController initialization. AssertionError: The Snaps platform requires basic functionality to be used. Enable basic functionality in the settings to use the Snaps platform.
          at getError (/Users/deeeed/dev/metamask/metamask-extension-2/node_modules/@metamask/utils/src/assert.ts:49:12)
          at assert (/Users/deeeed/dev/metamask/metamask-extension-2/node_modules/@metamask/utils/src/assert.ts:92:11)
          at SnapController.#ensureCanUsePlatform (/Users/deeeed/dev/metamask/metamask-extension-2/node_modules/@metamask/snaps-controllers/src/snaps/SnapController.ts:1819:11)
          at runNextTicks (node:internal/process/task_queues:64:5)
          at processTimers (node:internal/timers:538:9)
          at SnapController.init (/Users/deeeed/dev/metamask/metamask-extension-2/node_modules/@metamask/snaps-controllers/src/snaps/SnapController.ts:1363:9) {
        code: 'ERR_ASSERTION'
      }

      at logWarning (node_modules/@metamask/snaps-utils/src/logging.ts:66:11)
      at SnapController.init (node_modules/@metamask/snaps-controllers/src/snaps/SnapController.ts:1371:17)

    console.warn
      Error during SnapController initialization. AssertionError: The Snaps platform requires basic functionality to be used. Enable basic functionality in the settings to use the Snaps platform.
          at getError (/Users/deeeed/dev/metamask/metamask-extension-2/node_modules/@metamask/utils/src/assert.ts:49:12)
          at assert (/Users/deeeed/dev/metamask/metamask-extension-2/node_modules/@metamask/utils/src/assert.ts:92:11)
          at SnapController.#ensureCanUsePlatform (/Users/deeeed/dev/metamask/metamask-extension-2/node_modules/@metamask/snaps-controllers/src/snaps/SnapController.ts:1819:11)
          at runNextTicks (node:internal/process/task_queues:64:5)
          at processTimers (node:internal/timers:538:9)
          at SnapController.init (/Users/deeeed/dev/metamask/metamask-extension-2/node_modules/@metamask/snaps-controllers/src/snaps/SnapController.ts:1363:9) {
        code: 'ERR_ASSERTION'
      }

      at logWarning (node_modules/@metamask/snaps-utils/src/logging.ts:66:11)
      at SnapController.init (node_modules/@metamask/snaps-controllers/src/snaps/SnapController.ts:1371:17)

    console.error
      {
        name: 'controller',
        data: { jsonrpc: '2.0', method: 'START_UI_SYNC', params: [ [Object] ] }
      }

      25 |     // For context and todos related to the error message match, see https://github.com/MetaMask/metamask-extension/issues/26337
      26 |     if (err && !err.message?.match('Premature close')) {
    > 27 |       console.error(err);
         |               ^
      28 |     }
      29 |   });
      30 |   return mux;

      at error (app/scripts/lib/stream-utils.ts:27:15)
      at node_modules/readable-stream/lib/ours/util.js:45:16


 ●  Suppressed console messages:

WARN 1     MetaMask: MetaMetrics invalid trait types
WARN 1     ObjectMultiplex: Malformed chunk warnings

Test Suites: 16 passed, 16 total
Tests:       708 passed, 708 total
Snapshots:   1 passed, 1 total
Time:        37.745 s
Ran all test suites matching /app\/scripts\/controllers\/perps\/infrastructure.test.ts|app\/scripts\/controllers\/perps\/perps-stream-bridge.test.ts|app\/scripts\/lib\/sentry-traces-sampler.test.ts|app\/scripts\/metamask-controller.test.js|ui\/components\/app\/perps\/hooks\/usePerpsTabExploreData.test.ts|ui\/components\/app\/perps\/perps-view.test.tsx|ui\/helpers\/perps\/entry-trace.test.ts|ui\/hooks\/discover-search\/useDiscoverPerpsSearch.test.tsx|ui\/hooks\/perps\/stream\/usePerpsLiveMarketListData.test.ts|ui\/hooks\/perps\/stream\/usePerpsLivePrices.test.ts|ui\/hooks\/perps\/stream\/usePerpsStreamManager.test.tsx|ui\/hooks\/perps\/usePerpsEntryTrace.test.ts|ui\/hooks\/perps\/usePerpsPreload.test.ts|ui\/pages\/perps\/market-list\/index.test.tsx|ui\/providers\/perps\/CandleStreamChannel.test.ts|ui\/providers\/perps\/PerpsStreamManager.test.ts/i.
