Recipe libraries: metamask=/Users/deeeed/.npm-global/lib/node_modules/@deeeed/metamask-harness/library (6 recipes)
{
  "schemaVersion": 1,
  "command": "run",
  "adapter": "extension",
  "status": "pass",
  "exitCode": 0,
  "recovered": [],
  "mutations": [],
  "reportPath": "/Users/deeeed/dev/metamask/metamask-extension-2/temp/tasks/fix/45067-0801-230839/artifacts/runtime-launch-rev8b/verify/runner-smoke/report.md",
  "result": {
    "status": "pass",
    "summaryPath": "/Users/deeeed/dev/metamask/metamask-extension-2/temp/tasks/fix/45067-0801-230839/artifacts/runtime-launch-rev8b/verify/runner-smoke/summary.json",
    "tracePath": "/Users/deeeed/dev/metamask/metamask-extension-2/temp/tasks/fix/45067-0801-230839/artifacts/runtime-launch-rev8b/verify/runner-smoke/trace.json",
    "artifactManifestPath": "/Users/deeeed/dev/metamask/metamask-extension-2/temp/tasks/fix/45067-0801-230839/artifacts/runtime-launch-rev8b/verify/runner-smoke/artifact-manifest.json",
    "recipePath": "/Users/deeeed/dev/metamask/metamask-extension-2/temp/tasks/fix/45067-0801-230839/artifacts/runtime-launch-rev8b/verify/runner-smoke/recipe.json",
    "diagnosticsPath": "/Users/deeeed/dev/metamask/metamask-extension-2/temp/tasks/fix/45067-0801-230839/artifacts/runtime-launch-rev8b/verify/runner-smoke/diagnostics.json",
    "sideFindings": {
      "status": "clean",
      "note": "No application warnings or errors were emitted during the recipe run.",
      "counts": {
        "total": 0,
        "warning": 0,
        "error": 0,
        "exception": 0
      }
    }
  }
}
