$ /Volumes/FD/dev/metamask/metamask-extension-3/node_modules/.bin/jest --no-coverage ui/components/app/perps/close-position/close-all-positions-modal.test.tsx ui/components/app/perps/close-position/close-position-modal.test.tsx ui/components/app/perps/order-entry/components/auto-close-section/auto-close-section.test.tsx ui/components/app/perps/order-entry/order-entry.test.tsx ui/components/app/perps/perps-fill-tag/perps-fill-tag.test.tsx ui/components/app/perps/reverse-position/reverse-position-modal.test.tsx ui/components/app/perps/update-tpsl/update-tpsl-modal-content.test.tsx ui/components/app/perps/utils/transactionTransforms.test.ts ui/hooks/perps/perps-fee-utils.test.ts ui/hooks/perps/usePerpsOrderFees.test.ts ui/hooks/perps/usePerpsOrderForm.test.ts ui/pages/perps/perps-order-entry-page.test.tsx ui/pages/perps/perps-transaction-details-page.test.tsx
exit: 0
duration_ms: 17107

--- stdout ---

✅ No console baseline violations.

--- stderr ---
PASS ui/components/app/perps/utils/transactionTransforms.test.ts
PASS ui/hooks/perps/usePerpsOrderFees.test.ts (7.094 s)
PASS ui/hooks/perps/usePerpsOrderForm.test.ts (7.231 s)
PASS ui/components/app/perps/order-entry/components/auto-close-section/auto-close-section.test.tsx (7.867 s)
PASS ui/hooks/perps/perps-fee-utils.test.ts
PASS ui/components/app/perps/update-tpsl/update-tpsl-modal-content.test.tsx (8.332 s)
PASS ui/components/app/perps/order-entry/order-entry.test.tsx (8.496 s)
PASS ui/components/app/perps/perps-fill-tag/perps-fill-tag.test.tsx
PASS ui/components/app/perps/close-position/close-all-positions-modal.test.tsx
PASS ui/components/app/perps/reverse-position/reverse-position-modal.test.tsx (8.813 s)
PASS ui/pages/perps/perps-transaction-details-page.test.tsx
PASS ui/components/app/perps/close-position/close-position-modal.test.tsx (13.898 s)
PASS ui/pages/perps/perps-order-entry-page.test.tsx (15.736 s)

 ●  Suppressed console messages:

ERROR 32    React: Act warnings (component updates not wrapped)
WARN 3     React: componentWill* lifecycle deprecations

Test Suites: 13 passed, 13 total
Tests:       631 passed, 631 total
Snapshots:   0 total
Time:        16.392 s, estimated 42 s
Ran all test suites matching /ui\/components\/app\/perps\/close-position\/close-all-positions-modal.test.tsx|ui\/components\/app\/perps\/close-position\/close-position-modal.test.tsx|ui\/components\/app\/perps\/order-entry\/components\/auto-close-section\/auto-close-section.test.tsx|ui\/components\/app\/perps\/order-entry\/order-entry.test.tsx|ui\/components\/app\/perps\/perps-fill-tag\/perps-fill-tag.test.tsx|ui\/components\/app\/perps\/reverse-position\/reverse-position-modal.test.tsx|ui\/components\/app\/perps\/update-tpsl\/update-tpsl-modal-content.test.tsx|ui\/components\/app\/perps\/utils\/transactionTransforms.test.ts|ui\/hooks\/perps\/perps-fee-utils.test.ts|ui\/hooks\/perps\/usePerpsOrderFees.test.ts|ui\/hooks\/perps\/usePerpsOrderForm.test.ts|ui\/pages\/perps\/perps-order-entry-page.test.tsx|ui\/pages\/perps\/perps-transaction-details-page.test.tsx/i.
