$ /Users/deeeed/dev/metamask/metamask-extension-6/node_modules/.bin/jest --no-coverage ui/components/app/perps/dropdown/dropdown.test.tsx ui/components/app/perps/perps-market-categories/perps-category-rail.test.tsx ui/components/app/perps/perps-market-categories/perps-market-category-pill.test.tsx ui/components/app/perps/perps-products/perps-products.test.tsx ui/components/app/perps/perps-view.test.tsx ui/pages/perps/market-list/components/sort-dropdown/sort-dropdown.test.tsx ui/pages/perps/market-list/index.test.tsx
exit: 0
duration_ms: 14364

--- stdout ---

✅ No console baseline violations.

--- stderr ---
watchman warning:  Recrawled this watch 3 times, most recently because:
MustScanSubDirs UserDroppedTo resolve, please review the information on
https://facebook.github.io/watchman/docs/troubleshooting.html#recrawl
To clear this warning, run:
`watchman watch-del '/Users/deeeed/dev/metamask/metamask-extension-6' ; watchman watch-project '/Users/deeeed/dev/metamask/metamask-extension-6'`

PASS ui/components/app/perps/perps-market-categories/perps-market-category-pill.test.tsx (9.894 s)
PASS ui/components/app/perps/dropdown/dropdown.test.tsx (10.307 s)
PASS ui/components/app/perps/perps-market-categories/perps-category-rail.test.tsx (10.555 s)
PASS ui/pages/perps/market-list/components/sort-dropdown/sort-dropdown.test.tsx (11.302 s)
PASS ui/components/app/perps/perps-products/perps-products.test.tsx (11.366 s)
PASS ui/pages/perps/market-list/index.test.tsx (12.443 s)
PASS ui/components/app/perps/perps-view.test.tsx (12.512 s)

Test Suites: 7 passed, 7 total
Tests:       173 passed, 173 total
Snapshots:   0 total
Time:        13.47 s, estimated 22 s
Ran all test suites matching /ui\/components\/app\/perps\/dropdown\/dropdown.test.tsx|ui\/components\/app\/perps\/perps-market-categories\/perps-category-rail.test.tsx|ui\/components\/app\/perps\/perps-market-categories\/perps-market-category-pill.test.tsx|ui\/components\/app\/perps\/perps-products\/perps-products.test.tsx|ui\/components\/app\/perps\/perps-view.test.tsx|ui\/pages\/perps\/market-list\/components\/sort-dropdown\/sort-dropdown.test.tsx|ui\/pages\/perps\/market-list\/index.test.tsx/i.
