Coverage analysis for changed files...

Loaded 7 SonarCloud exclusion patterns
Found 16 changed files, 16 after exclusions
14 with tests, 2 without tests

Running 14 test file(s)...
All tests passed.


--- Coverage Analysis ---
Overall: 76% (2013/2651 lines) | 12/14 files >= 80%
New code: 95% (243/256 changed lines)

Per-file:
  [LOW] app/scripts/metamask-controller.js: 57% (736/1296) | New: 83% (5/6) | UNCOVERED LINES: 4892
  [OK] app/scripts/controllers/perps/infrastructure.ts: 100% (86/86) | New: 100% (11/11)
  [OK] app/scripts/controllers/perps/perps-stream-bridge.ts: 94% (353/375) | New: 91% (105/115) | UNCOVERED LINES: 265,284,517,611,614,615,622,623,936,947
  [OK] shared/lib/trace.ts: 86% (139/161) | New: no changes
  [OK] ui/components/app/perps/perps-view.tsx: 88% (121/137) | New: 100% (6/6)
  [OK] ui/components/app/perps/hooks/usePerpsTabExploreData.ts: 100% (7/7) | New: 100% (1/1)
  [OK] ui/helpers/perps/entry-trace.ts: 97% (36/37) | New: 97% (36/37) | UNCOVERED LINES: 46
  [OK] ui/hooks/perps/usePerpsEntryTrace.ts: 100% (8/8) | New: 100% (8/8)
  [OK] ui/hooks/perps/usePerpsPreload.ts: 100% (13/13) | New: 100% (13/13)
  [OK] ui/hooks/perps/stream/usePerpsLiveMarketListData.ts: 100% (19/19) | New: 100% (2/2)
  [OK] ui/hooks/perps/stream/usePerpsLivePrices.ts: 100% (15/15) | New: 100% (2/2)
  [LOW] ui/pages/perps/perps-layout.tsx: 78% (14/18) | New: no changes
  [OK] ui/pages/perps/market-list/index.tsx: 96% (175/183) | New: 100% (2/2)
  [OK] ui/providers/perps/PerpsStreamManager.ts: 98% (291/296) | New: 98% (52/53) | UNCOVERED LINES: 592

Files with NO tests (2):
  [MISSING] ui/hooks/perps/stream/usePerpsViewActive.ts
  [MISSING] ui/pages/routes/routes.component.tsx

WARNINGS: 2 file(s) have no tests, 2 file(s) overall below 80% (pre-existing)
VERDICT: PASS — new code meets 80% coverage threshold

Report saved: /Users/deeeed/dev/metamask/metamask-extension-1/temp/recipe/runtime/reports/coverage-report-TAT-3857-feat-preload-perps-on-unlock.json
