Coverage analysis for changed files...

Loaded 7 SonarCloud exclusion patterns
Found 93 changed files, 84 after exclusions
59 with tests, 25 without tests

Running 59 test file(s)...
All tests passed.


--- Coverage Analysis ---
Overall: 83% (4677/5625 lines) | 54/59 files >= 80%
New code: 94% (477/507 changed lines)

Per-file:
  [LOW] app/scripts/metamask-controller.js: 57% (736/1296) | New: 88% (7/8) | UNCOVERED LINES: 4892
  [OK] app/scripts/constants/sentry-state.ts: 100% (6/6) | New: no changes
  [OK] app/scripts/controllers/preferences-controller.ts: 88% (133/151) | New: 94% (17/18) | UNCOVERED LINES: 608
  [OK] app/scripts/controllers/perps/infrastructure.ts: 100% (86/86) | New: 100% (11/11)
  [OK] app/scripts/controllers/perps/perps-stream-bridge.ts: 94% (349/371) | New: 91% (101/111) | UNCOVERED LINES: 262,509,549,600,603,604,611,612,925,936
  [OK] app/scripts/lib/money/money-account-availability.ts: 97% (33/34) | New: 100% (3/3)
  [OK] app/scripts/lib/money/money-chain-config.ts: 100% (25/25) | New: 100% (25/25)
  [OK] app/scripts/lib/money/pay/get-balance-callback.ts: 100% (4/4) | New: 100% (4/4)
  [OK] app/scripts/lib/money/pay/max-source-balance.ts: 100% (16/16) | New: 100% (16/16)
  [OK] app/scripts/lib/transaction/metrics-builders/metamask-pay.ts: 98% (81/83) | New: 100% (2/2)
  [OK] app/scripts/messenger-client-init/money-account-upgrade-controller-init.ts: 100% (19/19) | New: 100% (19/19)
  [OK] app/scripts/messenger-client-init/transaction-pay-controller-init.ts: 98% (59/60) | New: 100% (9/9)
  [OK] app/scripts/messenger-client-init/core-backend/backend-websocket-service-init.ts: 100% (12/12) | New: 100% (6/6)
  [OK] app/scripts/messenger-client-init/messengers/legacy-background-api-service-messenger.ts: 100% (3/3) | New: no changes
  [OK] app/scripts/messenger-client-init/messengers/money-account-upgrade-controller-messenger.ts: 100% (6/6) | New: 100% (6/6)
  [OK] app/scripts/messenger-client-init/messengers/identity/authentication-controller-messenger.ts: 100% (6/6) | New: no changes
  [OK] app/scripts/messenger-client-init/messengers/identity/user-storage-controller-messenger.ts: 100% (6/6) | New: no changes
  [OK] app/scripts/services/legacy-background-api-service.ts: 90% (899/998) | New: 100% (6/6)
  [OK] app/scripts/wallet-init/messengers/transaction-controller-messenger.ts: 100% (3/3) | New: no changes
  [OK] shared/lib/basic-functionality-consolidation.ts: 100% (18/18) | New: 100% (18/18)
  [OK] shared/lib/trace.ts: 86% (139/161) | New: no changes
  [OK] ui/components/app/assets/hooks/useLowValueTokenPartition.ts: 100% (30/30) | New: 100% (30/30)
  [OK] ui/components/app/assets/token-cell/cells/token-cell-title.tsx: 100% (10/10) | New: 100% (2/2)
  [OK] ui/components/app/assets/token-list/token-list.tsx: 88% (45/51) | New: 100% (1/1)
  [OK] ui/components/app/basic-functionality-migration-modal/basic-functionality-migration-modal.tsx: 100% (20/20) | New: 100% (20/20)
  [OK] ui/components/app/hyperliquid-deposit-prompt/hyperliquid-deposit-prompt.tsx: 100% (53/53) | New: 100% (3/3)
  [OK] ui/components/app/perps/perps-view.tsx: 88% (121/137) | New: 100% (6/6)
  [OK] ui/components/app/perps/hooks/usePerpsTabExploreData.ts: 100% (7/7) | New: 100% (1/1)
  [OK] ui/components/component-library/avatar-favicon/avatar-favicon.tsx: 100% (10/10) | New: 100% (1/1)
  [OK] ui/components/multichain-accounts/multichain-srp-backup/multichain-srp-backup.tsx: 100% (14/14) | New: 100% (4/4)
  [OK] ui/components/multichain/asset-picker-amount/asset-picker-modal/asset-picker-modal-network.tsx: 83% (29/35) | New: 100% (2/2)
  [OK] ui/components/multichain/asset-picker-amount/asset-picker-modal/asset-picker-modal.tsx: 89% (80/90) | New: 75% (3/4) | UNCOVERED LINES: 161
  [LOW] ui/components/multichain/network-list-menu/network-list-menu.tsx: 73% (170/232) | New: 50% (3/6) | UNCOVERED LINES: 297,298,299
  [OK] ui/components/multichain/network-list-menu/add-rpc-url-modal/add-rpc-url-modal.tsx: 85% (22/26) | New: 40% (2/5) | UNCOVERED LINES: 39,40,42
  [OK] ui/components/multichain/networks-form/use-safe-chains.ts: 86% (43/50) | New: 100% (2/2)
  [OK] ui/components/multichain/toast/toast.tsx: 93% (14/15) | New: no changes
  [OK] ui/helpers/perps/entry-trace.ts: 97% (36/37) | New: 97% (36/37) | UNCOVERED LINES: 46
  [OK] ui/hooks/money/use-money-account-availability.ts: 100% (5/5) | New: 100% (1/1)
  [OK] ui/hooks/perps/usePerpsEntryTrace.ts: 100% (8/8) | New: 100% (8/8)
  [OK] ui/hooks/perps/usePerpsPreload.ts: 100% (13/13) | New: 100% (13/13)
  [OK] ui/hooks/perps/stream/usePerpsLiveMarketListData.ts: 100% (19/19) | New: 100% (2/2)
  [OK] ui/hooks/perps/stream/usePerpsLivePrices.ts: 100% (15/15) | New: 100% (2/2)
  [OK] ui/pages/confirmations/components/modals/pay-with-modal/pay-with-modal.tsx: 98% (55/56) | New: 100% (2/2)
  [OK] ui/pages/confirmations/hooks/pay/useClearPaymentOverride.ts: 100% (4/4) | New: no changes
  [OK] ui/pages/confirmations/hooks/transactions/useTransactionCustomAmount.ts: 97% (196/203) | New: 100% (13/13)
  [LOW] ui/pages/confirmations/send-utils/send.utils.js: 70% (30/43) | New: no changes
  [OK] ui/pages/multichain-accounts/multichain-account-details-page/multichain-account-details-page.tsx: 97% (31/32) | New: no changes
  [OK] ui/pages/onboarding-flow/hooks/useOnboardingCompletion.ts: 97% (86/89) | New: 100% (2/2)
  [OK] ui/pages/onboarding-flow/privacy-settings/privacy-settings.tsx: 82% (68/83) | New: 92% (11/12) | UNCOVERED LINES: 422
  [OK] ui/pages/onboarding-flow/recovery-phrase/reveal-recovery-phrase.tsx: 100% (34/34) | New: 100% (3/3)
  [LOW] ui/pages/perps/perps-layout.tsx: 78% (14/18) | New: no changes
  [OK] ui/pages/perps/market-list/index.tsx: 96% (175/183) | New: 100% (2/2)
  [OK] ui/pages/settings/settings.tsx: 80% (109/136) | New: 60% (6/10) | UNCOVERED LINES: 195,196,197,202
  [OK] ui/pages/settings/notifications-tab/notification-section-sub-page.tsx: 100% (11/11) | New: no changes
  [OK] ui/pages/settings/privacy-tab/basic-functionality-item.tsx: 100% (8/8) | New: 100% (1/1)
  [OK] ui/providers/perps/PerpsAttributionContext.tsx: 87% (118/135) | New: 67% (8/12) | UNCOVERED LINES: 163,164,166,347
  [OK] ui/providers/perps/PerpsStreamManager.ts: 98% (291/296) | New: 97% (37/38) | UNCOVERED LINES: 592
  [OK] ui/selectors/multichain/feature-flags.ts: 91% (29/32) | New: no changes
  [LOW] ui/store/controller-actions/transaction-pay-controller.ts: 71% (15/21) | New: no changes

Files with NO tests (25):
  [MISSING] app/scripts/controllers/preferences-controller-method-action-types.ts
  [MISSING] app/scripts/messenger-client-init/controller-list.ts
  [MISSING] app/scripts/services/legacy-background-api-service-method-action-types.ts
  [MISSING] shared/constants/perps-events.ts
  [MISSING] shared/lib/money/vault-config.ts
  [MISSING] shared/types/preferences.ts
  [MISSING] ui/components/app/basic-functionality-migration-modal/constants.ts
  [MISSING] ui/components/app/toast-master/toast-master.js
  [MISSING] ui/components/multichain/carousel/carousel-wrapper.tsx
  [MISSING] ui/components/multichain/network-list-item/network-list-item.tsx

WARNINGS: 25 file(s) have no tests, 5 file(s) overall below 80% (pre-existing)
VERDICT: FAIL — 5 file(s) new code below 80%

Report saved: /Users/deeeed/dev/metamask/metamask-extension-1/temp/recipe/runtime/reports/coverage-report-TAT-3857-feat-preload-perps-on-unlock.json
