🔍 Searching for controllers/services with MESSENGER_EXPOSED_METHODS...
📦 Found 18 controller(s)/service(s) with exposed methods

🔧 Checking AccountOrderController...

🔧 Checking AlertController...

🔧 Checking AppMetadataController...

🔧 Checking AppStateController...

🔧 Checking DecryptMessageController...

🔧 Checking EncryptionPublicKeyController...

🔧 Checking InstitutionalSnapController...

🔧 Checking MetaMetricsController...

🔧 Checking MetaMetricsDataDeletionController...

🔧 Checking NetworkOrderController...

🔧 Checking OnboardingController...

🔧 Checking PreferencesController...

🔧 Checking RewardsController...

🔧 Checking RewardsDataService...

🔧 Checking DataDeletionService...

🔧 Checking LegacyBackgroundApiService...

🔧 Checking OAuthService...

🔧 Checking ShieldSubscriptionService...
✅ account-order-method-action-types.ts is up to date
✅ alert-controller-method-action-types.ts is up to date
✅ app-metadata-method-action-types.ts is up to date
✅ app-state-controller-method-action-types.ts is up to date
✅ decrypt-message-method-action-types.ts is up to date
✅ encryption-public-key-method-action-types.ts is up to date
✅ InstitutionalSnapController-method-action-types.ts is up to date
✅ metametrics-controller-method-action-types.ts is up to date
✅ metametrics-data-deletion-method-action-types.ts is up to date
✅ network-order-method-action-types.ts is up to date
✅ onboarding-method-action-types.ts is up to date
✅ preferences-controller-method-action-types.ts is up to date
✅ rewards-controller-method-action-types.ts is up to date
✅ rewards-data-service-method-action-types.ts is up to date
✅ data-deletion-service-method-action-types.ts is up to date
✅ legacy-background-api-service-method-action-types.ts is up to date
✅ oauth-service-method-action-types.ts is up to date
✅ shield-subscription-service-method-action-types.ts is up to date

🎉 All action type files are up to date!
