Recipe libraries: metamask=/Users/deeeed/.npm-global/lib/node_modules/@deeeed/metamask-harness/library (23 recipes)
Recipe libraries: metamask=/Users/deeeed/.npm-global/lib/node_modules/@deeeed/metamask-harness/library (23 recipes)
{
  "schemaVersion": 1,
  "command": "run",
  "adapter": "extension",
  "status": "pass",
  "exitCode": 0,
  "recovered": [],
  "mutations": [],
  "reportPath": "/Users/deeeed/dev/metamask/metamask-extension-1/temp/tasks/fix/46123-0909-112926/artifacts/recipe-run-final/report.md",
  "result": {
    "status": "pass",
    "summaryPath": "/Users/deeeed/dev/metamask/metamask-extension-1/temp/tasks/fix/46123-0909-112926/artifacts/recipe-run-final/summary.json",
    "tracePath": "/Users/deeeed/dev/metamask/metamask-extension-1/temp/tasks/fix/46123-0909-112926/artifacts/recipe-run-final/trace.json",
    "artifactManifestPath": "/Users/deeeed/dev/metamask/metamask-extension-1/temp/tasks/fix/46123-0909-112926/artifacts/recipe-run-final/artifact-manifest.json",
    "recipePath": "/Users/deeeed/dev/metamask/metamask-extension-1/temp/tasks/fix/46123-0909-112926/artifacts/recipe-run-final/recipe.json",
    "diagnosticsPath": "/Users/deeeed/dev/metamask/metamask-extension-1/temp/tasks/fix/46123-0909-112926/artifacts/recipe-run-final/diagnostics.json",
    "sideFindings": {
      "status": "review",
      "note": "Observed 6 distinct application warning/error event(s) during the recipe run; showing 6 preview(s) and omitting 0. Relation to the task is not determined.",
      "counts": {
        "total": 6,
        "warning": 4,
        "error": 2,
        "exception": 0
      }
    }
  }
}
