Recipe libraries: metamask=/Users/deeeed/.npm-global/lib/node_modules/@deeeed/metamask-harness/library (23 recipes)
Recipe libraries: metamask=/Users/deeeed/.npm-global/lib/node_modules/@deeeed/metamask-harness/library (23 recipes)
{
  "schemaVersion": 1,
  "command": "run",
  "status": "fail",
  "recoverable": false,
  "recovered": [],
  "mutations": [],
  "attemptedRecoveries": [],
  "summaryPath": "/Users/deeeed/dev/metamask/metamask-extension-1/temp/tasks/fix/46123-0909-123758/artifacts/recipe-run/summary.json",
  "tracePath": "/Users/deeeed/dev/metamask/metamask-extension-1/temp/tasks/fix/46123-0909-123758/artifacts/recipe-run/trace.json",
  "artifactManifestPath": "/Users/deeeed/dev/metamask/metamask-extension-1/temp/tasks/fix/46123-0909-123758/artifacts/recipe-run/artifact-manifest.json",
  "exitCode": 4,
  "error": {
    "code": "WALLET_STATE_REQUIRED",
    "message": "wallet prerequisites need attention; healing never changes wallet state.",
    "retryable": false,
    "userAction": "mm-harness fixtures set   # applies the fixture wallet, then re-run: mm-harness call ensure_unlocked",
    "originalError": "Live adapter /Users/deeeed/.npm-global/lib/node_modules/@deeeed/metamask-harness/library/actions/extension/wallet/ensure_unlocked.mjs exited 1: file:///Users/deeeed/dev/metamask/metamask-extension-1/[eval1]:858\n    throw new Error(\"No wallet onboarded in this extension profile \\u2014 unlock has nothing to unlock.\\n  Next: mm-harness fixtures set   # applies the fixture wallet, then re-run: mm-harness call ensure_unlocked\");\n          ^\n\nError: No wallet onboarded in this extension profile — unlock has nothing to unlock.\n  Next: mm-harness fixtures set   # applies the fixture wallet, then re-run: mm-harness call ensure_unlocked\n    at file:///Users/deeeed/dev/metamask/metamask-extension-1/[eval1]:858:11\n    at async withExtensionPage (file:///Users/deeeed/dev/metamask/metamask-extension-1/[eval1]:683:20)\n    at async runAdapter (file:///Users/deeeed/dev/metamask/metamask-extension-1/[eval1]:835:18)\n\nNode.js v24.19.0"
  }
}
