FAIL app/scripts/controllers/perps/perps-stream-bridge.test.ts
  ● Console

    console.debug
      [PerpsStreamBridge] startMarketDataPreload failed Error: preload blew up
          at Object.<anonymous> (/Users/deeeed/dev/metamask/metamask-extension-1/app/scripts/controllers/perps/perps-stream-bridge.test.ts:199:15)
          at /Users/deeeed/dev/metamask/metamask-extension-1/node_modules/jest-mock/build/index.js:397:39
          at Object.<anonymous> (/Users/deeeed/dev/metamask/metamask-extension-1/node_modules/jest-mock/build/index.js:404:13)
          at Object.mockConstructor [as startMarketDataPreload] (/Users/deeeed/dev/metamask/metamask-extension-1/node_modules/jest-mock/build/index.js:148:19)
          at startMarketDataPreload (/Users/deeeed/dev/metamask/metamask-extension-1/app/scripts/controllers/perps/perps-stream-bridge.ts:240:39)
          at processTicksAndRejections (node:internal/process/task_queues:104:5)
          at Object.perpsInit (/Users/deeeed/dev/metamask/metamask-extension-1/app/scripts/controllers/perps/perps-stream-bridge.ts:233:9)
          at Object.<anonymous> (/Users/deeeed/dev/metamask/metamask-extension-1/app/scripts/controllers/perps/perps-stream-bridge.test.ts:206:7)

      at debug (app/scripts/controllers/perps/perps-stream-bridge.ts:244:21)

    console.debug
      [PerpsStreamBridge] cleanup error Error: static teardown failure
          at /Users/deeeed/dev/metamask/metamask-extension-1/app/scripts/controllers/perps/perps-stream-bridge.test.ts:1397:15
          at PerpsStreamBridge.unsub (/Users/deeeed/dev/metamask/metamask-extension-1/app/scripts/controllers/perps/perps-stream-bridge.ts:1120:7)
          at PerpsStreamBridge.destroy (/Users/deeeed/dev/metamask/metamask-extension-1/app/scripts/controllers/perps/perps-stream-bridge.ts:490:30)
          at destroy (/Users/deeeed/dev/metamask/metamask-extension-1/app/scripts/controllers/perps/perps-stream-bridge.test.ts:1416:27)
          at Object.<anonymous> (/Users/deeeed/dev/metamask/metamask-extension-1/node_modules/expect/build/toThrowMatchers.js:74:11)
          at Object.throwingMatcher [as toThrow] (/Users/deeeed/dev/metamask/metamask-extension-1/node_modules/expect/build/index.js:320:21)
          at Object.toThrow (/Users/deeeed/dev/metamask/metamask-extension-1/app/scripts/controllers/perps/perps-stream-bridge.test.ts:1416:42)
          at processTicksAndRejections (node:internal/process/task_queues:104:5)

      at PerpsStreamBridge.debug (app/scripts/controllers/perps/perps-stream-bridge.ts:1122:15)

    console.debug
      [PerpsStreamBridge] cleanup error Error: dynamic teardown failure
          at /Users/deeeed/dev/metamask/metamask-extension-1/app/scripts/controllers/perps/perps-stream-bridge.test.ts:1400:15
          at PerpsStreamBridge.unsub (/Users/deeeed/dev/metamask/metamask-extension-1/app/scripts/controllers/perps/perps-stream-bridge.ts:1120:7)
          at PerpsStreamBridge.#tearDownAllDynamic (/Users/deeeed/dev/metamask/metamask-extension-1/app/scripts/controllers/perps/perps-stream-bridge.ts:1137:30)
          at PerpsStreamBridge.destroy (/Users/deeeed/dev/metamask/metamask-extension-1/app/scripts/controllers/perps/perps-stream-bridge.ts:494:29)
          at destroy (/Users/deeeed/dev/metamask/metamask-extension-1/app/scripts/controllers/perps/perps-stream-bridge.test.ts:1416:27)
          at Object.<anonymous> (/Users/deeeed/dev/metamask/metamask-extension-1/node_modules/expect/build/toThrowMatchers.js:74:11)
          at Object.throwingMatcher [as toThrow] (/Users/deeeed/dev/metamask/metamask-extension-1/node_modules/expect/build/index.js:320:21)
          at Object.toThrow (/Users/deeeed/dev/metamask/metamask-extension-1/app/scripts/controllers/perps/perps-stream-bridge.test.ts:1416:42)
          at processTicksAndRejections (node:internal/process/task_queues:104:5)

      at PerpsStreamBridge.debug (app/scripts/controllers/perps/perps-stream-bridge.ts:1122:15)

    console.debug
      [PerpsStreamBridge] health-check reconnect failed Error: reconnect failed
          at Object.<anonymous> (/Users/deeeed/dev/metamask/metamask-extension-1/app/scripts/controllers/perps/perps-stream-bridge.test.ts:1522:46)
          at Promise.then.completed (/Users/deeeed/dev/metamask/metamask-extension-1/node_modules/jest-circus/build/utils.js:298:28)
          at new Promise (<anonymous>)
          at callAsyncCircusFn (/Users/deeeed/dev/metamask/metamask-extension-1/node_modules/jest-circus/build/utils.js:231:10)
          at _callCircusTest (/Users/deeeed/dev/metamask/metamask-extension-1/node_modules/jest-circus/build/run.js:316:40)
          at processTicksAndRejections (node:internal/process/task_queues:104:5)
          at _runTest (/Users/deeeed/dev/metamask/metamask-extension-1/node_modules/jest-circus/build/run.js:252:3)
          at _runTestsForDescribeBlock (/Users/deeeed/dev/metamask/metamask-extension-1/node_modules/jest-circus/build/run.js:126:9)
          at _runTestsForDescribeBlock (/Users/deeeed/dev/metamask/metamask-extension-1/node_modules/jest-circus/build/run.js:121:9)
          at _runTestsForDescribeBlock (/Users/deeeed/dev/metamask/metamask-extension-1/node_modules/jest-circus/build/run.js:121:9)
          at run (/Users/deeeed/dev/metamask/metamask-extension-1/node_modules/jest-circus/build/run.js:71:3)
          at runAndTransformResultsToJestFormat (/Users/deeeed/dev/metamask/metamask-extension-1/node_modules/jest-circus/build/legacy-code-todo-rewrite/jestAdapterInit.js:122:21)
          at jestAdapter (/Users/deeeed/dev/metamask/metamask-extension-1/node_modules/jest-circus/build/legacy-code-todo-rewrite/jestAdapter.js:79:19)
          at runTestInternal (/Users/deeeed/dev/metamask/metamask-extension-1/node_modules/jest-runner/build/runTest.js:367:16)
          at runTest (/Users/deeeed/dev/metamask/metamask-extension-1/node_modules/jest-runner/build/runTest.js:444:34)
          at Object.worker (/Users/deeeed/dev/metamask/metamask-extension-1/node_modules/jest-runner/build/testWorker.js:106:12)

      at debug (app/scripts/controllers/perps/perps-stream-bridge.ts:446:21)

    console.debug
      [PerpsStreamBridge] connectivity-change reconnect failed Error: reconnect failed
          at Object.<anonymous> (/Users/deeeed/dev/metamask/metamask-extension-1/app/scripts/controllers/perps/perps-stream-bridge.test.ts:2232:46)
          at Promise.then.completed (/Users/deeeed/dev/metamask/metamask-extension-1/node_modules/jest-circus/build/utils.js:298:28)
          at new Promise (<anonymous>)
          at callAsyncCircusFn (/Users/deeeed/dev/metamask/metamask-extension-1/node_modules/jest-circus/build/utils.js:231:10)
          at _callCircusTest (/Users/deeeed/dev/metamask/metamask-extension-1/node_modules/jest-circus/build/run.js:316:40)
          at _runTest (/Users/deeeed/dev/metamask/metamask-extension-1/node_modules/jest-circus/build/run.js:252:3)
          at _runTestsForDescribeBlock (/Users/deeeed/dev/metamask/metamask-extension-1/node_modules/jest-circus/build/run.js:126:9)
          at _runTestsForDescribeBlock (/Users/deeeed/dev/metamask/metamask-extension-1/node_modules/jest-circus/build/run.js:121:9)
          at _runTestsForDescribeBlock (/Users/deeeed/dev/metamask/metamask-extension-1/node_modules/jest-circus/build/run.js:121:9)
          at run (/Users/deeeed/dev/metamask/metamask-extension-1/node_modules/jest-circus/build/run.js:71:3)
          at runAndTransformResultsToJestFormat (/Users/deeeed/dev/metamask/metamask-extension-1/node_modules/jest-circus/build/legacy-code-todo-rewrite/jestAdapterInit.js:122:21)
          at jestAdapter (/Users/deeeed/dev/metamask/metamask-extension-1/node_modules/jest-circus/build/legacy-code-todo-rewrite/jestAdapter.js:79:19)
          at runTestInternal (/Users/deeeed/dev/metamask/metamask-extension-1/node_modules/jest-runner/build/runTest.js:367:16)
          at runTest (/Users/deeeed/dev/metamask/metamask-extension-1/node_modules/jest-runner/build/runTest.js:444:34)
          at Object.worker (/Users/deeeed/dev/metamask/metamask-extension-1/node_modules/jest-runner/build/testWorker.js:106:12)

      at debug (app/scripts/controllers/perps/perps-stream-bridge.ts:763:19)

    console.debug
      [PerpsStreamBridge] startMarketDataPreload failed Error: cache unavailable
          at Object.<anonymous> (/Users/deeeed/dev/metamask/metamask-extension-1/app/scripts/controllers/perps/perps-stream-bridge.test.ts:2728:13)
          at /Users/deeeed/dev/metamask/metamask-extension-1/node_modules/jest-mock/build/index.js:397:39
          at Object.<anonymous> (/Users/deeeed/dev/metamask/metamask-extension-1/node_modules/jest-mock/build/index.js:404:13)
          at Object.mockConstructor [as startMarketDataPreload] (/Users/deeeed/dev/metamask/metamask-extension-1/node_modules/jest-mock/build/index.js:148:19)
          at startMarketDataPreload (/Users/deeeed/dev/metamask/metamask-extension-1/app/scripts/controllers/perps/perps-stream-bridge.ts:240:39)
          at Object.perpsInit (/Users/deeeed/dev/metamask/metamask-extension-1/app/scripts/controllers/perps/perps-stream-bridge.ts:233:9)
          at Object.<anonymous> (/Users/deeeed/dev/metamask/metamask-extension-1/app/scripts/controllers/perps/perps-stream-bridge.test.ts:2731:5)

      at debug (app/scripts/controllers/perps/perps-stream-bridge.ts:244:21)

  ● wallet-root Perps preload › delivers wallet snapshots when initialization finishes after preload cancellation

    expect(jest.fn()).toHaveBeenCalledWith(...expected)

    Expected: "positions", []

    Number of calls: 0

      2535 |     await pending;
      2536 |
    > 2537 |     expect(delivered).toHaveBeenCalledWith('positions', []);
           |                       ^
      2538 |     expect(bridge.canEmit('markets')).toBe(true);
      2539 |     expect(bridge.canEmit('candles')).toBe(false);
      2540 |     bridge.destroy();

      at Object.toHaveBeenCalledWith (app/scripts/controllers/perps/perps-stream-bridge.test.ts:2537:23)

  ● wallet-root Perps preload › preserves initialized wallet streams after preload stop

    expect(jest.fn()).toHaveBeenCalledWith(...expected)

    - Expected
    + Received

    - "positions",
    + "markets",
    - Array []
    + Array [
    +   Object {
    +     "symbol": "BTC",
    +   },
    +   Object {
    +     "symbol": "ETH",
    +   },
    + ],

    Number of calls: 1

      2587 |       controller.subscribeToPrices.mock.calls[0][0].callback([]);
      2588 |
    > 2589 |       expect(delivered).toHaveBeenCalledWith('positions', []);
           |                         ^
      2590 |       expect(delivered).toHaveBeenCalledWith('prices', []);
      2591 |       expect(positionsCleanup).not.toHaveBeenCalled();
      2592 |       expect(priceCleanup).not.toHaveBeenCalled();

      at toHaveBeenCalledWith (app/scripts/controllers/perps/perps-stream-bridge.test.ts:2589:25)

  ● wallet-root Perps preload › preserves initialized wallet streams after preload pending

    expect(jest.fn()).toHaveBeenCalledWith(...expected)

    Expected: "positions", []

    Number of calls: 0

      2587 |       controller.subscribeToPrices.mock.calls[0][0].callback([]);
      2588 |
    > 2589 |       expect(delivered).toHaveBeenCalledWith('positions', []);
           |                         ^
      2590 |       expect(delivered).toHaveBeenCalledWith('prices', []);
      2591 |       expect(positionsCleanup).not.toHaveBeenCalled();
      2592 |       expect(priceCleanup).not.toHaveBeenCalled();

      at toHaveBeenCalledWith (app/scripts/controllers/perps/perps-stream-bridge.test.ts:2589:25)

  ● wallet-root Perps preload › preserves initialized wallet streams after preload failure

    expect(jest.fn()).toHaveBeenCalledWith(...expected)

    Expected: "positions", []

    Number of calls: 0

      2587 |       controller.subscribeToPrices.mock.calls[0][0].callback([]);
      2588 |
    > 2589 |       expect(delivered).toHaveBeenCalledWith('positions', []);
           |                         ^
      2590 |       expect(delivered).toHaveBeenCalledWith('prices', []);
      2591 |       expect(positionsCleanup).not.toHaveBeenCalled();
      2592 |       expect(priceCleanup).not.toHaveBeenCalled();

      at toHaveBeenCalledWith (app/scripts/controllers/perps/perps-stream-bridge.test.ts:2589:25)

Test Suites: 1 failed, 1 total
Tests:       4 failed, 105 passed, 109 total
Snapshots:   0 total
Time:        0.962 s, estimated 1 s
Ran all test suites matching /app\/scripts\/controllers\/perps\/perps-stream-bridge.test.ts/i.

✅ No console baseline violations.

