→ extension quick launch — yarn start development build · CDP :7661 (output streams below)
Extension live validation command:
  mm-harness runtime-launch --adapter extension --target /Users/deeeed/dev/metamask/metamask-extension-1 --cdp-port 7661 --start-watch --preserve-profile 
Launch artifacts: /Users/deeeed/dev/metamask/metamask-extension-1/temp/recipe/harness/extension/live/20260909T045350Z/launch
Verify artifacts: /Users/deeeed/dev/metamask/metamask-extension-1/temp/recipe/harness/extension/live/20260909T045350Z/verify
[recipe-harness] phase 1/2: launch (prepare + CDP readiness)
[recipe-harness] running prepare pipeline (watch/build, dist snapshot, browser, fixture seed)...
mm-harness | extension prepare
mm-harness | full log: /Users/deeeed/dev/metamask/metamask-extension-1/temp/recipe/harness/extension/live/20260909T045350Z/launch/logs/launch.log
mm-harness | full stream: mm-harness logs --full

  * running prepare pipeline (watch/build, dist snapshot, browser, fixture seed)...
[env] node v24.13.0 from .tool-versions/.nvmrc via asdf (24.13.0)
[recipe-harness] clean build: clearing webpack cache + harness watcher
[recipe-harness] Stopping stale target-scoped watcher(s): 32801
[recipe-harness] Starting yarn start (watcher-port=9011)
[recipe-harness] compact build view - full log: temp/recipe/runtime/recipe-harness-webpack.log (mm-harness logs --full)
mm-harness | webpack build
mm-harness | full log: temp/recipe/runtime/recipe-harness-webpack.log
mm-harness | full stream: mm-harness logs --full

  * (waiting for first build event...)
mm-harness | webpack build
mm-harness | full log: temp/recipe/runtime/recipe-harness-webpack.log
mm-harness | full stream: mm-harness logs --full

  * webpack 92% sealing asset processing SourceMapDevToolPlugin 2383.js generated SourceMap
  * webpack 92% sealing asset processing SourceMapDevToolPlugin 7510.js generate SourceMap
  * webpack 92% sealing asset processing SourceMapDevToolPlugin 7510.js generated SourceMap
  * webpack 92% sealing asset processing SourceMapDevToolPlugin 4913.js generate SourceMap
  * webpack 92% sealing asset processing SourceMapDevToolPlugin 4913.js generated SourceMap
  * webpack 92% sealing asset processing SourceMapDevToolPlugin 5946.js generate SourceMap
  * webpack 92% sealing asset processing SourceMapDevToolPlugin 5946.js generated SourceMap
  * webpack 92% sealing asset processing SourceMapDevToolPlugin 5451.js generate SourceMap
  * webpack 92% sealing asset processing SourceMapDevToolPlugin 5451.js generated SourceMap
  * webpack 92% sealing asset processing SourceMapDevToolPlugin js-u.js generate SourceMap
mm-harness | webpack build
mm-harness | full log: temp/recipe/runtime/recipe-harness-webpack.log
mm-harness | full stream: mm-harness logs --full

  * webpack 92% sealing asset processing SourceMapDevToolPlugin vendor-node_modules_metamask_a.js generated SourceMap
  * webpack 92% sealing asset processing SourceMapDevToolPlugin vendor-node_modules_metamask_c.js generate SourceMap
  * webpack 92% sealing asset processing SourceMapDevToolPlugin vendor-node_modules_metamask_c.js generated SourceMap
  * webpack 92% sealing asset processing SourceMapDevToolPlugin vendor-node_modules_metamask_g.js generate SourceMap
  * webpack 92% sealing asset processing SourceMapDevToolPlugin vendor-node_modules_metamask_g.js generated SourceMap
  * webpack 92% sealing asset processing SourceMapDevToolPlugin vendor-node_modules_metamask_j.js generate SourceMap
  * webpack 92% sealing asset processing SourceMapDevToolPlugin vendor-node_modules_metamask_j.js generated SourceMap
  * webpack 92% sealing asset processing SourceMapDevToolPlugin vendor-node_modules_metamask_m.js generate SourceMap
  * webpack 92% sealing asset processing SourceMapDevToolPlugin vendor-node_modules_metamask_m.js generated SourceMap
  * webpack 92% sealing asset processing SourceMapDevToolPlugin vendor-node_modules_metamask_o.js generate SourceMap
mm-harness | webpack build
mm-harness | full log: temp/recipe/runtime/recipe-harness-webpack.log
mm-harness | full stream: mm-harness logs --full

  * webpack 92% sealing asset processing SourceMapDevToolPlugin 3857.js attached SourceMap
  * webpack 92% sealing asset processing SourceMapDevToolPlugin 3901.js attach SourceMap
  * webpack 92% sealing asset processing SourceMapDevToolPlugin 3901.js attached SourceMap
  * webpack 92% sealing asset processing SourceMapDevToolPlugin 7175.js attach SourceMap
  * webpack 92% sealing asset processing SourceMapDevToolPlugin 7175.js attached SourceMap
  * webpack 92% sealing asset processing SourceMapDevToolPlugin 1503.js attach SourceMap
  * webpack 92% sealing asset processing SourceMapDevToolPlugin 1503.js attached SourceMap
  * webpack 92% sealing asset processing SourceMapDevToolPlugin 1136.js attach SourceMap
  * webpack 92% sealing asset processing SourceMapDevToolPlugin 1136.js attached SourceMap
  * webpack 92% sealing asset processing SourceMapDevToolPlugin 3491.js attach SourceMap
mm-harness | webpack build
mm-harness | full log: temp/recipe/runtime/recipe-harness-webpack.log
mm-harness | full stream: mm-harness logs --full

  * webpack 92% sealing asset processing
  * webpack 93% sealing after asset optimization
  * webpack 93% sealing recording
  * webpack 93% sealing recording HotModuleReplacementPlugin
  * webpack 93% sealing recording
  * webpack 94% sealing after seal
  * webpack 95% emitting emit
  * webpack 95% emitting emit DevMiddleware
  * webpack 95% emitting emit CleanPlugin
  * webpack 95% emitting emit
mm-harness | webpack build
mm-harness | full log: temp/recipe/runtime/recipe-harness-webpack.log
mm-harness | full stream: mm-harness logs --full

  * webpack 99% done plugins webpack-dev-middleware
  * webpack 99% done plugins
  * webpack 99%
  * webpack 99% cache store build dependencies
  * webpack 99% cache store build dependencies IdleFileCachePlugin
  * webpack 99% cache store build dependencies
  * webpack 99% cache begin idle
  * webpack 99% cache begin idle IdleFileCachePlugin
  * webpack 99% cache begin idle
  * webpack 100%
mm-harness | webpack build complete (54s)
[recipe-harness] yarn start compiled successfully
[recipe-harness] recorded webpack cache baseline (runtime-decision --record-baseline)
Infura readiness preflight passed for Ethereum and Linea.
[recipe-harness] snapshotting dist -> runtime-dist: /Users/deeeed/dev/metamask/metamask-extension-1/temp/recipe/runtime/runtime-dist
[recipe-harness] runtime-dist snapshot complete
Configured runtime Infura credentials through manifest flags.
slot title macpro-mme-1: home.html, sidepanel.html
Extension harness launch pass: /Users/deeeed/dev/metamask/metamask-extension-1/temp/recipe/harness/extension/live/20260909T045350Z/launch/summary.json
[recipe-harness] phase 2/2: live verify (readiness + smoke recipe)
dist-freshness: fresh — dist id matches HEAD; no uncommitted source.
build-health: ok — webpack compiled.
Fixture status: READY (temp/recipe/runtime/wallet-fixture.json).
Extension harness verify pass: /Users/deeeed/dev/metamask/metamask-extension-1/temp/recipe/harness/extension/live/20260909T045350Z/verify/summary.json
Extension live validation summary: /Users/deeeed/dev/metamask/metamask-extension-1/temp/recipe/harness/extension/live/20260909T045350Z/summary.json
dist-freshness: fresh — dist id matches HEAD; no uncommitted source.
build-health: ok — webpack compiled.
Fixture status: READY (temp/recipe/runtime/wallet-fixture.json).
Extension harness verify pass: /Users/deeeed/dev/metamask/metamask-extension-1/temp/recipe/harness/extension/verify/20260909T045520Z/summary.json
{"schemaVersion":1,"command":"harness","action":"verify","adapter":"extension","target":"/Users/deeeed/dev/metamask/metamask-extension-1","autoDetected":false,"status":"pass","exitCode":0,"next":"mm-harness status --target /Users/deeeed/dev/metamask/metamask-extension-1 --json"}
