{
  "schemaVersion": 1,
  "protocolVersion": "v1",
  "runner_protocol_version": 1,
  "status": "pass",
  "checks": [
    {
      "id": "manifest",
      "status": "pass",
      "required": true,
      "message": "Action manifest is valid Recipe v1."
    },
    {
      "id": "bridge",
      "status": "pass",
      "required": false,
      "message": "extension compatibility mode: bridge present."
    },
    {
      "id": "playwright-chromium",
      "status": "pass",
      "required": true,
      "message": "Checkout-pinned Playwright Chromium is installed.",
      "detail": "/Users/deeeed/Library/Caches/ms-playwright/chromium-1217/chrome-mac-arm64/Google Chrome for Testing.app/Contents/MacOS/Google Chrome for Testing"
    },
    {
      "id": "runtime",
      "status": "fail",
      "required": false,
      "message": "Runtime is not ready (runtime-unhealthy)",
      "detail": "Build is fresh but the live extension is unhealthy; relaunch the browser. | EVM RPC readiness probe failed: Ethereum provider is unavailable. Infura configured ≠ RPC reachable."
    }
  ],
  "requiredChecks": {
    "status": "pass",
    "total": 2,
    "passed": 2,
    "failed": []
  },
  "adapter": "extension",
  "target": "/Users/deeeed/dev/metamask/metamask-extension-1",
  "runner": {
    "name": "@metamask/recipe-runner",
    "packageName": "@deeeed/metamask-harness",
    "version": "0.50.2",
    "runnerDir": "/Users/deeeed/.npm-global/lib/node_modules/@deeeed/metamask-harness",
    "packagePath": "/Users/deeeed/.npm-global/lib/node_modules/@deeeed/metamask-harness/package.json",
    "packageSource": "node_modules",
    "installKind": "global-install",
    "linked": false,
    "global": true,
    "invokedPath": "/Users/deeeed/.npm-global/bin/mm-harness",
    "executablePath": "/Users/deeeed/.npm-global/lib/node_modules/@deeeed/metamask-harness/bin/mm-harness",
    "actionManifestPath": "/Users/deeeed/.npm-global/lib/node_modules/@deeeed/metamask-harness/library/manifests/extension.action-manifest.json",
    "harnessPackage": "@farmslot/recipe-harness"
  },
  "compatibilityMode": "bridge present",
  "shape": {
    "packageName": "metamask-crx",
    "packageJsonStatus": "valid",
    "packageJsonError": null,
    "extensionProject": true,
    "mobileProject": false,
    "agenticService": false,
    "mobileProductHarness": false,
    "mobileBridgeScript": true,
    "extensionRuntime": true,
    "injectedHarness": true,
    "walletFixture": true
  },
  "fixture": {
    "status": "ready",
    "path": "temp/recipe/runtime/wallet-fixture.json",
    "accountCount": 4,
    "hasPassword": true
  },
  "environment": {},
  "runtimeContext": {
    "file": "temp/recipe/runtime/agentic-runtime.json",
    "fileExists": true,
    "envOverride": null,
    "fields": {
      "slotId": {
        "value": "macpro-mme-1",
        "source": "file",
        "envVar": "RECIPE_SLOT_ID",
        "customize": "doctor --fix creates local identity; Farmslot may override"
      },
      "extensionId": {
        "value": null,
        "source": "default",
        "envVar": "RECIPE_HARNESS_EXTENSION_ID",
        "customize": "resolved from the built extension"
      },
      "cdpPort": {
        "value": "7661",
        "source": "file",
        "envVar": "CDP_PORT",
        "customize": "doctor --fix claims one; --cdp-port overrides"
      }
    }
  },
  "manifestValidation": {
    "errors": 0,
    "warnings": 0
  },
  "ready": false,
  "runtime": {
    "decision": "relaunch",
    "reasonCode": "runtime-unhealthy",
    "reasons": [
      "Build is fresh but the live extension is unhealthy; relaunch the browser.",
      "EVM RPC readiness probe failed: Ethereum provider is unavailable. Infura configured ≠ RPC reachable."
    ],
    "nextAction": "mm-harness launch --adapter extension --target '/Users/deeeed/dev/metamask/metamask-extension-1'",
    "deps": "current",
    "devServer": {
      "label": "webpack",
      "status": "down"
    }
  },
  "orphanMetros": [],
  "capture": {
    "status": "pass",
    "failing": [],
    "screenshots": {
      "available": true,
      "providers": [
        "capture-helper",
        "cdp"
      ]
    },
    "recording": {
      "available": true,
      "provider": "capture-helper"
    }
  },
  "devices": [],
  "additionalReachableDevices": [],
  "next": "mm-harness launch --adapter extension --target '/Users/deeeed/dev/metamask/metamask-extension-1'"
}
[runtime] ready via doctor
