Linting 21 changed files:
app/scripts/controllers/account-order-method-action-types.tmp.ts
app/scripts/controllers/alert-controller-method-action-types.tmp.ts
app/scripts/controllers/app-metadata-method-action-types.tmp.ts
app/scripts/controllers/app-state-controller-method-action-types.tmp.ts
app/scripts/controllers/decrypt-message-method-action-types.tmp.ts
app/scripts/controllers/encryption-public-key-method-action-types.tmp.ts
app/scripts/controllers/institutional-snap/InstitutionalSnapController-method-action-types.tmp.ts
app/scripts/controllers/metametrics-controller-method-action-types.tmp.ts
app/scripts/controllers/metametrics-data-deletion/metametrics-data-deletion-method-action-types.tmp.ts
app/scripts/controllers/network-order-method-action-types.tmp.ts
app/scripts/controllers/onboarding-method-action-types.tmp.ts
app/scripts/controllers/preferences-controller-method-action-types.tmp.ts
app/scripts/controllers/rewards/rewards-controller-method-action-types.tmp.ts
app/scripts/controllers/rewards/rewards-data-service-method-action-types.tmp.ts
app/scripts/services/data-deletion-service-method-action-types.tmp.ts
app/scripts/services/legacy-background-api-service-method-action-types.tmp.ts
app/scripts/services/oauth/oauth-service-method-action-types.tmp.ts
app/scripts/services/subscription/subscription-service-method-action-types.tmp.ts
ui/components/app/perps/hooks/usePerpsDepositConfirmation.test.ts
ui/components/app/perps/hooks/usePerpsNetworkManagement.test.ts
ui/components/app/perps/hooks/usePerpsNetworkManagement.ts

