Checking formatting...
All matched files use Prettier code style!
Checking formatting...

All matched files use the correct format.
Finished in 993ms on 7434 files using 10 threads.

/Users/deeeed/dev/metamask/metamask-extension-1/app/scripts/metamask-controller.test.js
  686:7  warning  Disabled test suite  jest/no-disabled-tests

/Users/deeeed/dev/metamask/metamask-extension-1/ui/components/app/assets/asset-list/asset-list.tsx
  52:7  warning  React Hook useCallback has missing dependencies: 'onClickAsset', 'primaryCurrencyProperties.suffix', and 'trackEvent'. Either include them or remove the dependency array. If 'onClickAsset' changes too often, find the parent component that defines it and wrap that definition in useCallback  react-hooks/exhaustive-deps

/Users/deeeed/dev/metamask/metamask-extension-1/ui/components/app/currency-input/currency-input.js
  167:6  warning  React Hook useEffect has missing dependencies: 'isInputUnchanged', 'isMatchingUpstream', 'setTokenDecimalValue', and 'tokenDecimalValue'. Either include them or remove the dependency array  react-hooks/exhaustive-deps

/Users/deeeed/dev/metamask/metamask-extension-1/ui/components/app/modals/multichain-accounts/intro-modal/multichain-account-intro-modal.container.tsx
  87:6  warning  React Hook useCallback has a missing dependency: 'SUPPORT_URL'. Either include it or remove the dependency array  react-hooks/exhaustive-deps

/Users/deeeed/dev/metamask/metamask-extension-1/ui/components/app/qr-hardware-popover/qr-hardware-popover.js
  40:6  warning  React Hook useMemo has a missing dependency: 'txData'. Either include it or remove the dependency array  react-hooks/exhaustive-deps

/Users/deeeed/dev/metamask/metamask-extension-1/ui/components/app/shield-entry-modal/shield-illustration-animation.tsx
  78:6  warning  React Hook useEffect has a missing dependency: 'rive'. Either include it or remove the dependency array  react-hooks/exhaustive-deps

/Users/deeeed/dev/metamask/metamask-extension-1/ui/components/app/snaps/snap-ui-address-input/snap-ui-address-input.tsx
  213:6  warning  React Hook useEffect has missing dependencies: 'focusedInput' and 'name'. Either include them or remove the dependency array  react-hooks/exhaustive-deps

/Users/deeeed/dev/metamask/metamask-extension-1/ui/components/app/snaps/snap-ui-asset-selector/useSnapAssetDisplay.tsx
  145:6  warning  React Hook useMemo has missing dependencies: 'formatAsset' and 'requestedChainIds'. Either include them or remove the dependency array  react-hooks/exhaustive-deps

/Users/deeeed/dev/metamask/metamask-extension-1/ui/components/app/snaps/snap-ui-input/snap-ui-input.tsx
  85:8  warning  React Hook useEffect has missing dependencies: 'focusedInput' and 'name'. Either include them or remove the dependency array  react-hooks/exhaustive-deps

/Users/deeeed/dev/metamask/metamask-extension-1/ui/components/app/snaps/snap-ui-selector/snap-ui-selector.tsx
  153:6  warning  React Hook useEffect has a missing dependency: 'onSelect'. Either include it or remove the dependency array. If 'onSelect' changes too often, find the parent component that defines it and wrap that definition in useCallback  react-hooks/exhaustive-deps

/Users/deeeed/dev/metamask/metamask-extension-1/ui/components/app/srp-quiz-modal/SRPQuiz/SRPQuiz.tsx
  308:6  warning  React Hook useCallback has missing dependencies: 'hdEntropyIndex' and 'trackEvent'. Either include them or remove the dependency array  react-hooks/exhaustive-deps
  312:6  warning  React Hook useEffect has a missing dependency: 'trackEventSrp'. Either include it or remove the dependency array                        react-hooks/exhaustive-deps

/Users/deeeed/dev/metamask/metamask-extension-1/ui/components/app/terms-of-use-popup/terms-of-use-popup.js
  83:38  warning  The ref value 'bottomRef.current' will likely have changed by the time this effect cleanup function runs. If this ref points to a node rendered by React, copy 'bottomRef.current' to a variable inside the effect, and use that variable in the cleanup function  react-hooks/exhaustive-deps
  86:6   warning  React Hook useEffect has a missing dependency: 'isScrolledToBottom'. Either include it or remove the dependency array                                                                                                                                              react-hooks/exhaustive-deps
  96:6   warning  React Hook useEffect has a missing dependency: 'trackEvent'. Either include it or remove the dependency array                                                                                                                                                      react-hooks/exhaustive-deps

/Users/deeeed/dev/metamask/metamask-extension-1/ui/components/app/wallet-overview/aggregated-percentage-overview-cross-chains.tsx
  120:6  warning  React Hook useMemo has a missing dependency: 'getPerChainTotalFiat1dAgo'. Either include it or remove the dependency array  react-hooks/exhaustive-deps

/Users/deeeed/dev/metamask/metamask-extension-1/ui/components/app/wallet-overview/coin-buttons.tsx
  270:6  warning  React Hook useCallback has missing dependencies: 'nativeToken', 'navigate', and 'trackEvent'. Either include them or remove the dependency array                        react-hooks/exhaustive-deps
  293:6  warning  React Hook useCallback has missing dependencies: 'account', 'getChainId', 'openBuyCryptoInPdapp', and 'trackEvent'. Either include them or remove the dependency array  react-hooks/exhaustive-deps

/Users/deeeed/dev/metamask/metamask-extension-1/ui/components/component-library/modal-content/deprecated/modal-content.tsx
  86:8  warning  React Hook useEffect has missing dependencies: 'handleClickOutside' and 'handleEscKey'. Either include them or remove the dependency array  react-hooks/exhaustive-deps

/Users/deeeed/dev/metamask/metamask-extension-1/ui/components/component-library/modal-content/modal-content.tsx
  82:8  warning  React Hook useEffect has missing dependencies: 'handleClickOutside' and 'handleEscKey'. Either include them or remove the dependency array  react-hooks/exhaustive-deps

/Users/deeeed/dev/metamask/metamask-extension-1/ui/components/multichain-accounts/permissions/multichain-edit-networks-page/multichain-edit-networks-page.tsx
  57:9  warning  The 'allNetworks' array makes the dependencies of useMemo Hook (at line 65) change on every render. To fix this, wrap the initialization of 'allNetworks' in its own useMemo() Hook  react-hooks/exhaustive-deps
  57:9  warning  The 'allNetworks' array makes the dependencies of useMemo Hook (at line 90) change on every render. To fix this, wrap the initialization of 'allNetworks' in its own useMemo() Hook  react-hooks/exhaustive-deps

/Users/deeeed/dev/metamask/metamask-extension-1/ui/components/multichain/activity-v2/activity-details-modal-adapter.tsx
  120:6  warning  React Hook useEffect has a missing dependency: 'onClose'. Either include it or remove the dependency array. If 'onClose' changes too often, find the parent component that defines it and wrap that definition in useCallback  react-hooks/exhaustive-deps

/Users/deeeed/dev/metamask/metamask-extension-1/ui/components/multichain/asset-picker-amount/asset-picker-modal/asset-picker-modal-network.tsx
  106:5  warning  React Hook useMemo has missing dependencies: 'allNetworks', 'balanceByChainId', and 'networks'. Either include them or remove the dependency array  react-hooks/exhaustive-deps

/Users/deeeed/dev/metamask/metamask-extension-1/ui/components/multichain/asset-picker-amount/asset-picker-modal/asset-picker-modal.tsx
  154:35  warning  React Hook useCallback received a function whose dependencies are unknown. Pass an inline function instead                  react-hooks/exhaustive-deps
  170:6   warning  React Hook useEffect has a missing dependency: 'debouncedSetSearchQuery'. Either include it or remove the dependency array  react-hooks/exhaustive-deps

/Users/deeeed/dev/metamask/metamask-extension-1/ui/components/multichain/asset-picker-amount/asset-picker-modal/hooks/useAssetMetadata.ts
  74:6  warning  React Hook useAsyncResult has a missing dependency: 'abortControllerRef'. Either include it or remove the dependency array  react-hooks/exhaustive-deps

/Users/deeeed/dev/metamask/metamask-extension-1/ui/components/multichain/create-account/create-account.tsx
  123:10  warning  React Hook useEffect has missing dependencies: 'accounts' and 'getNextAvailableAccountName'. Either include them or remove the dependency array. If 'getNextAvailableAccountName' changes too often, find the parent component that defines it and wrap that definition in useCallback                                                                 react-hooks/exhaustive-deps
  231:9   warning  React Hook useCallback has missing dependencies: 'hdEntropyIndex', 'navigate', 'onCreateAccount', 'redirectToOverview', 'scope', 'selectedKeyringId', and 'trackEvent'. Either include them or remove the dependency array. If 'onCreateAccount' changes too often, find the parent component that defines it and wrap that definition in useCallback  react-hooks/exhaustive-deps

/Users/deeeed/dev/metamask/metamask-extension-1/ui/components/multichain/dropdown-editor/dropdown-editor.tsx
  181:6  warning  React Hook useEffect has a missing dependency: 'onDropdownOpened'. Either include it or remove the dependency array. If 'onDropdownOpened' changes too often, find the parent component that defines it and wrap that definition in useCallback  react-hooks/exhaustive-deps

/Users/deeeed/dev/metamask/metamask-extension-1/ui/components/multichain/edit-accounts-modal/add-account.tsx
  59:6  warning  React Hook useCallback has a missing dependency: 'trackEvent'. Either include it or remove the dependency array  react-hooks/exhaustive-deps
  84:6  warning  React Hook useMemo has a missing dependency: 't'. Either include it or remove the dependency array               react-hooks/exhaustive-deps

/Users/deeeed/dev/metamask/metamask-extension-1/ui/components/multichain/edit-accounts-modal/edit-accounts-modal.tsx
  80:6  warning  React Hook useEffect has a missing dependency: 'defaultSelectedAccountAddresses'. Either include it or remove the dependency array. If 'setSelectedAccountAddresses' needs the current value of 'defaultSelectedAccountAddresses', you can also switch to useReducer instead of useState and read 'defaultSelectedAccountAddresses' in the reducer  react-hooks/exhaustive-deps
  82:5  warning  React Hook useEffect has a complex expression in the dependency array. Extract it to a separate variable so it can be statically checked                                                                                                                                                                                                            react-hooks/exhaustive-deps

/Users/deeeed/dev/metamask/metamask-extension-1/ui/components/multichain/edit-networks-modal/edit-networks-modal.js
  55:6  warning  React Hook useEffect has a missing dependency: 'defaultSelectedChainIds'. Either include it or remove the dependency array. If 'setSelectedChainIds' needs the current value of 'defaultSelectedChainIds', you can also switch to useReducer instead of useState and read 'defaultSelectedChainIds' in the reducer  react-hooks/exhaustive-deps
  57:5  warning  React Hook useEffect has a complex expression in the dependency array. Extract it to a separate variable so it can be statically checked                                                                                                                                                                            react-hooks/exhaustive-deps

/Users/deeeed/dev/metamask/metamask-extension-1/ui/components/multichain/funding-method-modal/funding-method-modal.tsx
   90:6  warning  React Hook useCallback has a missing dependency: 'trackEvent'. Either include it or remove the dependency array                               react-hooks/exhaustive-deps
  115:6  warning  React Hook useCallback has missing dependencies: 'openBuyCryptoInPdapp' and 'trackEvent'. Either include them or remove the dependency array  react-hooks/exhaustive-deps

/Users/deeeed/dev/metamask/metamask-extension-1/ui/components/multichain/import-tokens-modal/import-tokens-modal.js
  202:6  warning  React Hook useEffect has a missing dependency: 'selectedNetwork'. Either include it or remove the dependency array  react-hooks/exhaustive-deps

/Users/deeeed/dev/metamask/metamask-extension-1/ui/components/multichain/menu-items/discover-menu-item.tsx
  50:6  warning  React Hook useCallback has a missing dependency: 'metricsLocation'. Either include it or remove the dependency array  react-hooks/exhaustive-deps

/Users/deeeed/dev/metamask/metamask-extension-1/ui/components/multichain/network-list-menu/add-block-explorer-modal/add-block-explorer-modal.tsx
  40:6  warning  React Hook useEffect has a missing dependency: 't'. Either include it or remove the dependency array  react-hooks/exhaustive-deps

/Users/deeeed/dev/metamask/metamask-extension-1/ui/components/multichain/network-list-menu/add-rpc-url-modal/add-rpc-url-modal.tsx
  42:6  warning  React Hook useEffect has a missing dependency: 't'. Either include it or remove the dependency array  react-hooks/exhaustive-deps

/Users/deeeed/dev/metamask/metamask-extension-1/ui/components/multichain/network-list-menu/popular-network-list/popular-network-list.tsx
  130:6  warning  React Hook useMemo has missing dependencies: 'close' and 'open'. Either include them or remove the dependency array  react-hooks/exhaustive-deps

/Users/deeeed/dev/metamask/metamask-extension-1/ui/components/multichain/toast/toast.tsx
  81:5  warning  React Hook useEffect has a missing dependency: 'onAutoHideToast'. Either include it or remove the dependency array. If 'onAutoHideToast' changes too often, find the parent component that defines it and wrap that definition in useCallback  react-hooks/exhaustive-deps

/Users/deeeed/dev/metamask/metamask-extension-1/ui/components/multichain/token-list-item/price/percentage-and-amount-change/percentage-and-amount-change.tsx
  107:6  warning  React Hook useMemo has missing dependencies: 'balanceValue', 'conversionRate', 'currentChainId', 'fiatCurrency', and 'nativeCurrency'. Either include them or remove the dependency array  react-hooks/exhaustive-deps

/Users/deeeed/dev/metamask/metamask-extension-1/ui/components/ui/form-combo-field/form-combo-field.tsx
  115:3  warning  React Hook useEffect contains a call to 'setDropdownHeight'. Without a list of dependencies, this can lead to an infinite chain of updates. To fix this, pass [] as a second argument to the useEffect Hook                                  react-hooks/exhaustive-deps
  174:3  warning  React Hook useEffect contains a call to 'setValueWidth'. Without a list of dependencies, this can lead to an infinite chain of updates. To fix this, pass [] as a second argument to the useEffect Hook                                      react-hooks/exhaustive-deps
  209:5  warning  React Hook useCallback has a missing dependency: 'onOptionClick'. Either include it or remove the dependency array. If 'onOptionClick' changes too often, find the parent component that defines it and wrap that definition in useCallback  react-hooks/exhaustive-deps

/Users/deeeed/dev/metamask/metamask-extension-1/ui/components/ui/jazzicon/jazzicon.component.tsx
  87:19  warning  The ref value 'container.current' will likely have changed by the time this effect cleanup function runs. If this ref points to a node rendered by React, copy 'container.current' to a variable inside the effect, and use that variable in the cleanup function  react-hooks/exhaustive-deps
  90:6   warning  React Hook useEffect has a missing dependency: 'namespace_'. Either include it or remove the dependency array                                                                                                                                                      react-hooks/exhaustive-deps

/Users/deeeed/dev/metamask/metamask-extension-1/ui/components/ui/survey-toast/survey-toast.tsx
  92:6  warning  React Hook useEffect has missing dependencies: 'participateInMetaMetrics' and 'surveyUrl'. Either include them or remove the dependency array  react-hooks/exhaustive-deps

/Users/deeeed/dev/metamask/metamask-extension-1/ui/contexts/metametrics.test.tsx
  52:8  warning  React Hook useEffect has an unnecessary dependency: 'event'. Either exclude it or remove the dependency array. Outer scope values like 'event' aren't valid dependencies because mutating them doesn't re-render the component  react-hooks/exhaustive-deps

/Users/deeeed/dev/metamask/metamask-extension-1/ui/hooks/accounts/useAccountsOperationsLoadingStates.ts
  24:6  warning  React Hook useEffect has a missing dependency: 'dispatch'. Either include it or remove the dependency array  react-hooks/exhaustive-deps

/Users/deeeed/dev/metamask/metamask-extension-1/ui/hooks/bridge/useBridgeNavigation.ts
  101:5  warning  React Hook useCallback has a missing dependency: 'navigate'. Either include it or remove the dependency array                   react-hooks/exhaustive-deps
  127:5  warning  React Hook useCallback has a missing dependency: 'navigate'. Either include it or remove the dependency array                   react-hooks/exhaustive-deps
  171:5  warning  React Hook useCallback has missing dependencies: 'dispatch' and 'navigate'. Either include them or remove the dependency array  react-hooks/exhaustive-deps
  218:5  warning  React Hook useCallback has a missing dependency: 'bridgeState'. Either include it or remove the dependency array                react-hooks/exhaustive-deps
  228:6  warning  React Hook useCallback has a missing dependency: 'navigate'. Either include it or remove the dependency array                   react-hooks/exhaustive-deps
  243:6  warning  React Hook useCallback has a missing dependency: 'navigate'. Either include it or remove the dependency array                   react-hooks/exhaustive-deps
  255:6  warning  React Hook useCallback has a missing dependency: 'dispatch'. Either include it or remove the dependency array                   react-hooks/exhaustive-deps

/Users/deeeed/dev/metamask/metamask-extension-1/ui/hooks/bridge/useLatestBalance.ts
  32:6  warning  React Hook useEffect has a missing dependency: 'dispatch'. Either include it or remove the dependency array  react-hooks/exhaustive-deps

/Users/deeeed/dev/metamask/metamask-extension-1/ui/hooks/bridge/usePopularTokens.ts
  66:8  warning  React Hook useAsyncResult has a missing dependency: 'chainIds'. Either include it or remove the dependency array       react-hooks/exhaustive-deps
  78:6  warning  React Hook useMemo has an unnecessary dependency: 'assetsToInclude'. Either exclude it or remove the dependency array  react-hooks/exhaustive-deps

/Users/deeeed/dev/metamask/metamask-extension-1/ui/hooks/bridge/usePrefillFromBridgeState.ts
  88:6  warning  React Hook useEffect has missing dependencies: 'activeQuote', 'bridgeState', 'dispatch', 'fromChains', 'resetControllerAndCache', 'resetLocationState', 'shouldRehydrateFromLocationState', 'shouldRestoreInputsFromQuote', and 'token'. Either include them or remove the dependency array  react-hooks/exhaustive-deps

/Users/deeeed/dev/metamask/metamask-extension-1/ui/hooks/bridge/usePrefillFromSearchQuery.ts
  129:6  warning  React Hook useEffect has a missing dependency: 'resetSearchParams'. Either include it or remove the dependency array   react-hooks/exhaustive-deps
  137:5  warning  React Hook useCallback has a missing dependency: 'dispatch'. Either include it or remove the dependency array          react-hooks/exhaustive-deps
  160:6  warning  React Hook useEffect has a missing dependency: 'dispatch'. Either include it or remove the dependency array            react-hooks/exhaustive-deps
  181:6  warning  React Hook useEffect has a missing dependency: 'setToChainAndToken'. Either include it or remove the dependency array  react-hooks/exhaustive-deps
  205:6  warning  React Hook useEffect has a missing dependency: 'dispatch'. Either include it or remove the dependency array            react-hooks/exhaustive-deps

/Users/deeeed/dev/metamask/metamask-extension-1/ui/hooks/bridge/useQuoteFetchEvents.ts
  50:6  warning  React Hook useEffect has missing dependencies: 'activeQuote', 'dispatch', 'fromTokenBalanceInUsd', 'isLoading', 'isTxSubmittable', 'quoteFetchError', 'recommendedQuote', and 'warnings'. Either include them or remove the dependency array  react-hooks/exhaustive-deps

/Users/deeeed/dev/metamask/metamask-extension-1/ui/hooks/bridge/useRewards.ts
  136:35  warning  React Hook useCallback received a function whose dependencies are unknown. Pass an inline function instead                       react-hooks/exhaustive-deps
  310:5   warning  React Hook useCallback has a missing dependency: 'primaryWalletGroupAccounts'. Either include it or remove the dependency array  react-hooks/exhaustive-deps

/Users/deeeed/dev/metamask/metamask-extension-1/ui/hooks/bridge/useTokenSearchResults.ts
  111:39  warning  React Hook useCallback received a function whose dependencies are unknown. Pass an inline function instead                      react-hooks/exhaustive-deps
  146:6   warning  React Hook useEffect has a missing dependency: 'debouncedFetchSearchResults'. Either include it or remove the dependency array  react-hooks/exhaustive-deps
  154:6   warning  React Hook useEffect has a missing dependency: 'debouncedFetchSearchResults'. Either include it or remove the dependency array  react-hooks/exhaustive-deps

/Users/deeeed/dev/metamask/metamask-extension-1/ui/hooks/bridge/useTxAlerts.ts
  54:6  warning  React Hook useEffect has a missing dependency: 'dispatch'. Either include it or remove the dependency array  react-hooks/exhaustive-deps

/Users/deeeed/dev/metamask/metamask-extension-1/ui/hooks/gator-permissions/useGatorPermissionTokenInfo.ts
  156:6  warning  React Hook useMemo has an unnecessary dependency: 'error'. Either exclude it or remove the dependency array  react-hooks/exhaustive-deps

/Users/deeeed/dev/metamask/metamask-extension-1/ui/hooks/metamask-notifications/useSwitchNotifications.ts
   95:6  warning  React Hook useCallback has a missing dependency: 'dispatch'. Either include it or remove the dependency array              react-hooks/exhaustive-deps
  132:6  warning  React Hook useCallback has a missing dependency: 'fetchAccountSettings'. Either include it or remove the dependency array  react-hooks/exhaustive-deps
  141:6  warning  React Hook useEffect has a missing dependency: 'update'. Either include it or remove the dependency array                  react-hooks/exhaustive-deps

/Users/deeeed/dev/metamask/metamask-extension-1/ui/hooks/rewards/useValidateReferralCode.ts
   71:31  warning  React Hook useCallback received a function whose dependencies are unknown. Pass an inline function instead                               react-hooks/exhaustive-deps
  111:6   warning  React Hook useEffect has missing dependencies: 'referralCode' and 'setReferralCode'. Either include them or remove the dependency array  react-hooks/exhaustive-deps

/Users/deeeed/dev/metamask/metamask-extension-1/ui/hooks/swap/useSwapDefaultToToken.ts
  50:6  warning  React Hook useMemo has a missing dependency: 'fromToken'. Either include it or remove the dependency array  react-hooks/exhaustive-deps

/Users/deeeed/dev/metamask/metamask-extension-1/ui/hooks/useAsync.test.ts
  128:60  warning  React Hook useAsyncCallback has an unnecessary dependency: 'value'. Either exclude it or remove the dependency array  react-hooks/exhaustive-deps

/Users/deeeed/dev/metamask/metamask-extension-1/ui/hooks/useAsync.ts
  121:6   warning  React Hook useCallback was passed a dependency list that is not an array literal. This means we can't statically verify whether you've passed the correct dependencies                                                           react-hooks/exhaustive-deps
  121:6   warning  React Hook useCallback has a missing dependency: 'asyncFn'. Either include it or remove the dependency array. If 'asyncFn' changes too often, find the parent component that defines it and wrap that definition in useCallback  react-hooks/exhaustive-deps
  140:29  warning  React Hook useAsyncCallback received a function whose dependencies are unknown. Pass an inline function instead                                                                                                                  react-hooks/exhaustive-deps
  166:18  warning  React Hook useAsyncResult received a function whose dependencies are unknown. Pass an inline function instead                                                                                                                    react-hooks/exhaustive-deps

/Users/deeeed/dev/metamask/metamask-extension-1/ui/hooks/useCarouselManagement/useCarouselManagement.ts
  261:6  warning  React Hook useEffect has a missing dependency: 'downloadEligible'. Either include it or remove the dependency array  react-hooks/exhaustive-deps

/Users/deeeed/dev/metamask/metamask-extension-1/ui/hooks/useIsOriginalTokenSymbol.js
  41:6  warning  React Hook useEffect has a missing dependency: 'tokens'. Either include it or remove the dependency array  react-hooks/exhaustive-deps

/Users/deeeed/dev/metamask/metamask-extension-1/ui/hooks/useMultiPolling.ts
  107:6  warning  React Hook useEffect has a missing dependency: 'usePollingOptions'. Either include it or remove the dependency array  react-hooks/exhaustive-deps

/Users/deeeed/dev/metamask/metamask-extension-1/ui/hooks/usePolling.ts
  64:6  warning  React Hook useEffect has a missing dependency: 'usePollingOptions'. Either include it or remove the dependency array  react-hooks/exhaustive-deps

/Users/deeeed/dev/metamask/metamask-extension-1/ui/hooks/useScrollRequired.js
  56:3  warning  React Hook useEffect has a missing dependency: 'update'. Either include it or remove the dependency array  react-hooks/exhaustive-deps

/Users/deeeed/dev/metamask/metamask-extension-1/ui/hooks/useTokenFiatAmount.js
  99:5  warning  React Hook useMemo has a missing dependency: 'formatted'. Either include it or remove the dependency array  react-hooks/exhaustive-deps

/Users/deeeed/dev/metamask/metamask-extension-1/ui/pages/bridge/awaiting-signatures/awaiting-signatures.tsx
  82:6  warning  React Hook useEffect has missing dependencies: 'activeQuote?.quote?.destTokenAmount', 'activeQuote?.quote?.srcTokenAmount', 'fromToken?.symbol', 'hardwareWalletType', 'hardwareWalletUsed', 'needsTwoConfirmations', 'toToken?.symbol', and 'trackEvent'. Either include them or remove the dependency array  react-hooks/exhaustive-deps

/Users/deeeed/dev/metamask/metamask-extension-1/ui/pages/bridge/hooks/useExternalAccountResolution.ts
  96:6  warning  React Hook useEffect has a missing dependency: 'dispatch'. Either include it or remove the dependency array  react-hooks/exhaustive-deps

/Users/deeeed/dev/metamask/metamask-extension-1/ui/pages/bridge/prepare/components/bridge-alert-modal.tsx
  111:6  warning  React Hook useEffect has a missing dependency: 'onClose'. Either include it or remove the dependency array. If 'onClose' changes too often, find the parent component that defines it and wrap that definition in useCallback  react-hooks/exhaustive-deps

/Users/deeeed/dev/metamask/metamask-extension-1/ui/pages/bridge/prepare/components/bridge-asset-picker/index.tsx
  120:5  warning  React Hook useMemo has a missing dependency: 'assetsWithBalance'. Either include it or remove the dependency array                                                                                                                                                                                                                                        react-hooks/exhaustive-deps
  153:6  warning  React Hook useEffect has missing dependencies: 'persistedChainId', 'selectedAsset.chainId', and 'selectedChainId'. Either include them or remove the dependency array. If 'setSelectedChainId' needs the current value of 'selectedAsset.chainId', you can also switch to useReducer instead of useState and read 'selectedAsset.chainId' in the reducer  react-hooks/exhaustive-deps

/Users/deeeed/dev/metamask/metamask-extension-1/ui/pages/bridge/prepare/prepare-bridge-page.tsx
  287:6   warning  React Hook useEffect has missing dependencies: 'dispatch', 'fromAmountInCurrency.usd', 'fromToken?.symbol', 'securityWarnings', 'smartTransactionsEnabled', and 'toToken?.symbol'. Either include them or remove the dependency array                                                                                          react-hooks/exhaustive-deps
  298:47  warning  The ref value 'debouncedUpdateQuoteRequestInController.current' will likely have changed by the time this effect cleanup function runs. If this ref points to a node rendered by React, copy 'debouncedUpdateQuoteRequestInController.current' to a variable inside the effect, and use that variable in the cleanup function  react-hooks/exhaustive-deps

/Users/deeeed/dev/metamask/metamask-extension-1/ui/pages/confirm-add-suggested-token/confirm-add-suggested-token.js
  183:6  warning  React Hook useEffect has a missing dependency: 'goBackIfNoSuggestedTokensOnFirstRender'. Either include it or remove the dependency array  react-hooks/exhaustive-deps

/Users/deeeed/dev/metamask/metamask-extension-1/ui/pages/confirmations/components/confirm/dapp-swap-comparison-banner/dapp-swap-comparison-banner.tsx
  126:6  warning  React Hook useCallback has an unnecessary dependency: 'selectedQuote'. Either exclude it or remove the dependency array  react-hooks/exhaustive-deps

/Users/deeeed/dev/metamask/metamask-extension-1/ui/pages/confirmations/components/confirm/footer/shield-footer-coverage-indicator/shield-icon-animation.tsx
  184:6  warning  React Hook useEffect has missing dependencies: 'isDisabled', 'severity', and 'theme'. Either include them or remove the dependency array  react-hooks/exhaustive-deps
  210:6  warning  React Hook useEffect has a missing dependency: 'rive'. Either include it or remove the dependency array                                   react-hooks/exhaustive-deps
  224:6  warning  React Hook useEffect has a missing dependency: 'rive'. Either include it or remove the dependency array                                   react-hooks/exhaustive-deps
  235:6  warning  React Hook useEffect has a missing dependency: 'rive'. Either include it or remove the dependency array                                   react-hooks/exhaustive-deps

/Users/deeeed/dev/metamask/metamask-extension-1/ui/pages/confirmations/components/confirm/info/approve/hooks/use-is-nft.ts
  16:6  warning  React Hook useAsyncResult has missing dependencies: 'transactionMeta?.chainId' and 'transactionMeta?.txParams?.from'. Either include them or remove the dependency array  react-hooks/exhaustive-deps

/Users/deeeed/dev/metamask/metamask-extension-1/ui/pages/confirmations/components/confirm/info/batch/batch-simulation-details/batch-simulation-details.tsx
  76:6  warning  React Hook useMemo has a missing dependency: 't'. Either include it or remove the dependency array  react-hooks/exhaustive-deps

/Users/deeeed/dev/metamask/metamask-extension-1/ui/pages/confirmations/components/confirm/info/hooks/useDecodedTransactionData.ts
  47:6  warning  React Hook useAsyncResult has missing dependencies: 'currentTransactionType' and 'transactionTypeFilter'. Either include them or remove the dependency array  react-hooks/exhaustive-deps

/Users/deeeed/dev/metamask/metamask-extension-1/ui/pages/confirmations/components/confirm/info/hooks/useMaxValueRefresher.ts
  78:6  warning  React Hook useEffect has a missing dependency: 'updateTransactionEventFragment'. Either include it or remove the dependency array  react-hooks/exhaustive-deps

/Users/deeeed/dev/metamask/metamask-extension-1/ui/pages/confirmations/components/confirm/info/shared/batched-approval-function/batched-approval-function.tsx
  121:5  warning  React Hook useAsyncResult has a missing dependency: 't'. Either include it or remove the dependency array  react-hooks/exhaustive-deps

/Users/deeeed/dev/metamask/metamask-extension-1/ui/pages/confirmations/components/confirm/info/typed-sign/typed-sign-v4-simulation/decoded-simulation/decoded-simulation.tsx
  185:6  warning  React Hook useMemo has a missing dependency: 'chainId'. Either include it or remove the dependency array  react-hooks/exhaustive-deps

/Users/deeeed/dev/metamask/metamask-extension-1/ui/pages/confirmations/components/confirm/scroll-to-bottom/scroll-to-bottom.tsx
  79:6  warning  React Hook useEffect has missing dependencies: 'ref' and 'setHasScrolledToBottom'. Either include them or remove the dependency array. Mutable values like 'ref.current' aren't valid dependencies because mutating them doesn't re-render the component  react-hooks/exhaustive-deps
  88:6  warning  React Hook useEffect has a missing dependency: 'setIsScrollToBottomCompleted'. Either include it or remove the dependency array                                                                                                                           react-hooks/exhaustive-deps

/Users/deeeed/dev/metamask/metamask-extension-1/ui/pages/confirmations/components/send/amount/amount.tsx
  65:5  warning  React Hook useMemo has a missing dependency: 'asset?.symbol'. Either include it or remove the dependency array  react-hooks/exhaustive-deps

/Users/deeeed/dev/metamask/metamask-extension-1/ui/pages/confirmations/components/send/hex-data/hex-data.tsx
  43:5  warning  React Hook useCallback has a missing dependency: 't'. Either include it or remove the dependency array  react-hooks/exhaustive-deps

/Users/deeeed/dev/metamask/metamask-extension-1/ui/pages/confirmations/components/simulation-details/useSimulationMetrics.ts
  145:6  warning  React Hook useEffect has a missing dependency: 'params'. Either include it or remove the dependency array                                 react-hooks/exhaustive-deps
  149:5  warning  React Hook useEffect has a complex expression in the dependency array. Extract it to a separate variable so it can be statically checked  react-hooks/exhaustive-deps

/Users/deeeed/dev/metamask/metamask-extension-1/ui/pages/confirmations/components/simulation-error-message/simulation-error-message.js
  32:6  warning  React Hook useEffect has a missing dependency: 'trackEvent'. Either include it or remove the dependency array  react-hooks/exhaustive-deps

/Users/deeeed/dev/metamask/metamask-extension-1/ui/pages/confirmations/hooks/alerts/transactions/useContractCode.ts
  44:10  warning  React Hook useAsyncResult has a missing dependency: 'getCodeAsync'. Either include it or remove the dependency array  react-hooks/exhaustive-deps

/Users/deeeed/dev/metamask/metamask-extension-1/ui/pages/confirmations/hooks/alerts/transactions/useGasEstimateFailedAlerts.ts
  37:6  warning  React Hook useMemo has a missing dependency: 't'. Either include it or remove the dependency array  react-hooks/exhaustive-deps

/Users/deeeed/dev/metamask/metamask-extension-1/ui/pages/confirmations/hooks/alerts/transactions/useGasFeeLowAlerts.ts
  42:6  warning  React Hook useMemo has a missing dependency: 't'. Either include it or remove the dependency array  react-hooks/exhaustive-deps

/Users/deeeed/dev/metamask/metamask-extension-1/ui/pages/confirmations/hooks/alerts/transactions/useGasTooLowAlerts.ts
  46:6  warning  React Hook useMemo has a missing dependency: 't'. Either include it or remove the dependency array  react-hooks/exhaustive-deps

/Users/deeeed/dev/metamask/metamask-extension-1/ui/pages/confirmations/hooks/alerts/transactions/useNoGasPriceAlerts.ts
  54:6  warning  React Hook useMemo has a missing dependency: 't'. Either include it or remove the dependency array  react-hooks/exhaustive-deps

/Users/deeeed/dev/metamask/metamask-extension-1/ui/pages/confirmations/hooks/alerts/transactions/useNonContractAddressAlerts.ts
  63:6  warning  React Hook useMemo has a missing dependency: 't'. Either include it or remove the dependency array  react-hooks/exhaustive-deps

/Users/deeeed/dev/metamask/metamask-extension-1/ui/pages/confirmations/hooks/alerts/useNetworkAndOriginSwitchingAlerts.ts
  63:6  warning  React Hook useEffect has a missing dependency: 'currentConfirmation'. Either include it or remove the dependency array  react-hooks/exhaustive-deps

/Users/deeeed/dev/metamask/metamask-extension-1/ui/pages/confirmations/hooks/send/useContactRecipients.ts
  33:6  warning  React Hook useMemo has a missing dependency: 'accountAddressSeedIconMap'. Either include it or remove the dependency array  react-hooks/exhaustive-deps

/Users/deeeed/dev/metamask/metamask-extension-1/ui/pages/confirmations/hooks/send/useMaxAmount.ts
  104:6  warning  React Hook useAsyncResult has a missing dependency: 'isEvmNativeSendType'. Either include it or remove the dependency array  react-hooks/exhaustive-deps

/Users/deeeed/dev/metamask/metamask-extension-1/ui/pages/confirmations/hooks/send/useSendNfts.ts
  42:6  warning  React Hook useMemo has a missing dependency: 'accountGroupWithInternalAccounts'. Either include it or remove the dependency array  react-hooks/exhaustive-deps

/Users/deeeed/dev/metamask/metamask-extension-1/ui/pages/confirmations/hooks/send/useSendQueryParams.ts
  84:6  warning  React Hook useEffect has a missing dependency: 'paramHexData'. Either include it or remove the dependency array  react-hooks/exhaustive-deps

/Users/deeeed/dev/metamask/metamask-extension-1/ui/pages/confirmations/hooks/send/useSnapAmountOnInput.ts
  23:5  warning  React Hook useCallback has an unnecessary dependency: 'value'. Either exclude it or remove the dependency array  react-hooks/exhaustive-deps

/Users/deeeed/dev/metamask/metamask-extension-1/ui/pages/confirmations/hooks/transactions/dapp-swap-comparison/useDappSwapUSDValues.ts
  51:6  warning  React Hook useAsyncResult has a missing dependency: 'tokenAddresses'. Either include it or remove the dependency array  react-hooks/exhaustive-deps
  66:6  warning  React Hook useAsyncResult has a missing dependency: 'tokenAddresses'. Either include it or remove the dependency array  react-hooks/exhaustive-deps

/Users/deeeed/dev/metamask/metamask-extension-1/ui/pages/confirmations/hooks/useAddEthereumChain.ts
  18:6  warning  React Hook useCallback has an unnecessary dependency: 'origin'. Either exclude it or remove the dependency array  react-hooks/exhaustive-deps

/Users/deeeed/dev/metamask/metamask-extension-1/ui/pages/confirmations/hooks/useCancelSpeedupInitialGas.ts
  127:6  warning  React Hook useEffect has a missing dependency: 'effectiveTransaction'. Either include it or remove the dependency array  react-hooks/exhaustive-deps

/Users/deeeed/dev/metamask/metamask-extension-1/ui/pages/confirmations/hooks/useDecodedSignatureMetrics.ts
  71:6  warning  React Hook useEffect has missing dependencies: 'decodingData?.error?.message' and 'supportedByDecodingAPI'. Either include them or remove the dependency array  react-hooks/exhaustive-deps

/Users/deeeed/dev/metamask/metamask-extension-1/ui/pages/confirmations/hooks/useLedgerConnection.ts
  113:6  warning  React Hook useEffect has a missing dependency: 'isLedgerWallet'. Either include it or remove the dependency array  react-hooks/exhaustive-deps

/Users/deeeed/dev/metamask/metamask-extension-1/ui/pages/confirmations/hooks/useSetConfirmationAlerts.ts
  19:6  warning  React Hook useEffect has a missing dependency: 'dispatch'. Either include it or remove the dependency array  react-hooks/exhaustive-deps
  25:6  warning  React Hook useEffect has a missing dependency: 'dispatch'. Either include it or remove the dependency array  react-hooks/exhaustive-deps

/Users/deeeed/dev/metamask/metamask-extension-1/ui/pages/multichain-accounts/multichain-accounts-connect-page/multichain-accounts-connect-page.tsx
  333:6  warning  React Hook useMemo has missing dependencies: 'isSolanaWalletStandardRequest' and 'isTronWalletAdapterRequest'. Either include them or remove the dependency array  react-hooks/exhaustive-deps

/Users/deeeed/dev/metamask/metamask-extension-1/ui/pages/nonevm-balance-check/index.tsx
  109:6  warning  React Hook useEffect has missing dependencies: 'dispatch', 'lastSelectedNonEvmAccount.address', and 'lastSelectedNonEvmAccount?.scopes'. Either include them or remove the dependency array  react-hooks/exhaustive-deps

/Users/deeeed/dev/metamask/metamask-extension-1/ui/pages/notification-details/notification-details.tsx
  61:6  warning  React Hook useEffect has missing dependencies: 'markNotificationAsRead', 'notificationData', and 'setNotificationTimeout'. Either include them or remove the dependency array  react-hooks/exhaustive-deps

/Users/deeeed/dev/metamask/metamask-extension-1/ui/pages/notifications-settings/notifications-settings-per-account.tsx
  93:6  warning  React Hook useCallback has an unnecessary dependency: 'address'. Either exclude it or remove the dependency array  react-hooks/exhaustive-deps

/Users/deeeed/dev/metamask/metamask-extension-1/ui/pages/permissions-connect/connect-page/connect-page.tsx
  382:6  warning  React Hook useEffect has a missing dependency: 'defaultCaipAccountAddresses'. Either include it or remove the dependency array            react-hooks/exhaustive-deps
  386:5  warning  React Hook useEffect has a complex expression in the dependency array. Extract it to a separate variable so it can be statically checked  react-hooks/exhaustive-deps

/Users/deeeed/dev/metamask/metamask-extension-1/ui/pages/settings-v2/debug-tab/developer-options-tab/sentry-test.tsx
  249:6  warning  React Hook useCallback has a missing dependency: 'expectError'. Either include it or remove the dependency array  react-hooks/exhaustive-deps

/Users/deeeed/dev/metamask/metamask-extension-1/ui/pages/settings/networks-tab/networks-form/networks-form-state.ts
  53:6  warning  React Hook useEffect has a missing dependency: 'existingNetwork'. Either include it or remove the dependency array. If 'setChainId' needs the current value of 'existingNetwork', you can also switch to useReducer instead of useState and read 'existingNetwork' in the reducer  react-hooks/exhaustive-deps

/Users/deeeed/dev/metamask/metamask-extension-1/ui/pages/settings/networks-tab/networks-form/networks-form.tsx
  176:6  warning  React Hook useEffect has a missing dependency: 't'. Either include it or remove the dependency array                                                    react-hooks/exhaustive-deps
  208:6  warning  React Hook useEffect has a missing dependency: 't'. Either include it or remove the dependency array                                                    react-hooks/exhaustive-deps
  263:6  warning  React Hook useEffect has missing dependencies: 'existingNetwork', 'networkConfigurations', and 't'. Either include them or remove the dependency array  react-hooks/exhaustive-deps
  287:6  warning  React Hook useEffect has a missing dependency: 't'. Either include it or remove the dependency array                                                    react-hooks/exhaustive-deps

/Users/deeeed/dev/metamask/metamask-extension-1/ui/pages/settings/transaction-shield-tab/shield-banner-animation.tsx
  115:6  warning  React Hook useEffect has a missing dependency: 'isInactive'. Either include it or remove the dependency array  react-hooks/exhaustive-deps
  132:6  warning  React Hook useEffect has a missing dependency: 'rive'. Either include it or remove the dependency array        react-hooks/exhaustive-deps
  143:6  warning  React Hook useEffect has a missing dependency: 'rive'. Either include it or remove the dependency array        react-hooks/exhaustive-deps

/Users/deeeed/dev/metamask/metamask-extension-1/ui/pages/snap-account-transaction-loading-screen/snap-account-transaction-loading-screen.tsx
  35:6  warning  React Hook useEffect has missing dependencies: 'internalAccount?.metadata.snap?.id', 'internalAccount?.metadata.snap?.name', and 'trackEvent'. Either include them or remove the dependency array  react-hooks/exhaustive-deps

/Users/deeeed/dev/metamask/metamask-extension-1/ui/pages/swaps/awaiting-signatures/awaiting-signatures.js
  74:6  warning  React Hook useEffect has missing dependencies: 'currentSmartTransactionsEnabled', 'destinationTokenInfo?.symbol', 'fetchParams?.balanceError', 'fetchParams?.slippage', 'fetchParams?.value', 'hardwareWalletType', 'hardwareWalletUsed', 'needsTwoConfirmations', 'smartTransactionsEnabled', 'smartTransactionsOptInStatus', 'sourceTokenInfo?.symbol', and 'trackEvent'. Either include them or remove the dependency array  react-hooks/exhaustive-deps

✖ 157 problems (0 errors, 157 warnings)

Optimized /Users/deeeed/dev/metamask/metamask-extension-1/app/images/default_nft.png: Reduced size by 6.56%
Optimized /Users/deeeed/dev/metamask/metamask-extension-1/app/images/blackfort.png: Reduced size by 0.01%
Optimized /Users/deeeed/dev/metamask/metamask-extension-1/app/images/icon-128.png: Reduced size by 0.03%
Optimized /Users/deeeed/dev/metamask/metamask-extension-1/app/images/icon-512.png: Reduced size by 0.01%
Optimized /Users/deeeed/dev/metamask/metamask-extension-1/app/images/icon-32.png: Reduced size by 0.11%
Optimized /Users/deeeed/dev/metamask/metamask-extension-1/app/images/linea-logo-testnet.png: Reduced size by 8.65%
Optimization completed: 6 out of 111 files were able to be optimized.
Run `yarn lint:images:fix` to automatically optimize the images.
